/user/htripath/myenv/bin/python: can't open file '/vscratch/grp-rutaoyao/Harsh/ALL_CONFIGS/random_pattern_rots_trans/ppdf_calculation_mpi.py': [Errno 2] No such file or directory
/user/htripath/myenv/bin/python: can't open file '/vscratch/grp-rutaoyao/Harsh/ALL_CONFIGS/random_pattern_rots_trans/ppdf_calculation_mpi.py': [Errno 2] No such file or directory
/user/htripath/myenv/bin/python: can't open file '/vscratch/grp-rutaoyao/Harsh/ALL_CONFIGS/random_pattern_rots_trans/ppdf_calculation_mpi.py': [Errno 2] No such file or directory
/user/htripath/myenv/bin/python: can't open file '/vscratch/grp-rutaoyao/Harsh/ALL_CONFIGS/random_pattern_rots_trans/ppdf_calculation_mpi.py': [Errno 2] No such file or directory
/user/htripath/myenv/bin/python: can't open file '/vscratch/grp-rutaoyao/Harsh/ALL_CONFIGS/random_pattern_rots_trans/ppdf_calculation_mpi.py': [Errno 2] No such file or directory
/user/htripath/myenv/bin/python: can't open file '/vscratch/grp-rutaoyao/Harsh/ALL_CONFIGS/random_pattern_rots_trans/ppdf_calculation_mpi.py': [Errno 2] No such file or directory
/user/htripath/myenv/bin/python: can't open file '/vscratch/grp-rutaoyao/Harsh/ALL_CONFIGS/random_pattern_rots_trans/ppdf_calculation_mpi.py': [Errno 2] No such file or directory
/user/htripath/myenv/bin/python: can't open file '/vscratch/grp-rutaoyao/Harsh/ALL_CONFIGS/random_pattern_rots_trans/ppdf_calculation_mpi.py': [Errno 2] No such file or directory
/user/htripath/myenv/bin/python: can't open file '/vscratch/grp-rutaoyao/Harsh/ALL_CONFIGS/random_pattern_rots_trans/ppdf_calculation_mpi.py': [Errno 2] No such file or directory
/user/htripath/myenv/bin/python: can't open file '/vscratch/grp-rutaoyao/Harsh/ALL_CONFIGS/random_pattern_rots_trans/ppdf_calculation_mpi.py': [Errno 2] No such file or directory
/user/htripath/myenv/bin/python: can't open file '/vscratch/grp-rutaoyao/Harsh/ALL_CONFIGS/random_pattern_rots_trans/ppdf_calculation_mpi.py': [Errno 2] No such file or directory
/user/htripath/myenv/bin/python: can't open file '/vscratch/grp-rutaoyao/Harsh/ALL_CONFIGS/random_pattern_rots_trans/ppdf_calculation_mpi.py': [Errno 2] No such file or directory
/user/htripath/myenv/bin/python: can't open file '/vscratch/grp-rutaoyao/Harsh/ALL_CONFIGS/random_pattern_rots_trans/ppdf_calculation_mpi.py': [Errno 2] No such file or directory
/user/htripath/myenv/bin/python: can't open file '/vscratch/grp-rutaoyao/Harsh/ALL_CONFIGS/random_pattern_rots_trans/ppdf_calculation_mpi.py': [Errno 2] No such file or directory
/user/htripath/myenv/bin/python: can't open file '/vscratch/grp-rutaoyao/Harsh/ALL_CONFIGS/random_pattern_rots_trans/ppdf_calculation_mpi.py': [Errno 2] No such file or directory
/user/htripath/myenv/bin/python: can't open file '/vscratch/grp-rutaoyao/Harsh/ALL_CONFIGS/random_pattern_rots_trans/ppdf_calculation_mpi.py': [Errno 2] No such file or directory
/user/htripath/myenv/bin/python: can't open file '/vscratch/grp-rutaoyao/Harsh/ALL_CONFIGS/random_pattern_rots_trans/ppdf_calculation_mpi.py': [Errno 2] No such file or directory
/user/htripath/myenv/bin/python: can't open file '/vscratch/grp-rutaoyao/Harsh/ALL_CONFIGS/random_pattern_rots_trans/ppdf_calculation_mpi.py': [Errno 2] No such file or directory
/user/htripath/myenv/bin/python: can't open file '/vscratch/grp-rutaoyao/Harsh/ALL_CONFIGS/random_pattern_rots_trans/ppdf_calculation_mpi.py': [Errno 2] No such file or directory
/user/htripath/myenv/bin/python: can't open file '/vscratch/grp-rutaoyao/Harsh/ALL_CONFIGS/random_pattern_rots_trans/ppdf_calculation_mpi.py': [Errno 2] No such file or directory
/user/htripath/myenv/bin/python: can't open file '/vscratch/grp-rutaoyao/Harsh/ALL_CONFIGS/random_pattern_rots_trans/ppdf_calculation_mpi.py': [Errno 2] No such file or directory
/user/htripath/myenv/bin/python: can't open file '/vscratch/grp-rutaoyao/Harsh/ALL_CONFIGS/random_pattern_rots_trans/ppdf_calculation_mpi.py': [Errno 2] No such file or directory
/user/htripath/myenv/bin/python: can't open file '/vscratch/grp-rutaoyao/Harsh/ALL_CONFIGS/random_pattern_rots_trans/ppdf_calculation_mpi.py': [Errno 2] No such file or directory
/user/htripath/myenv/bin/python: can't open file '/vscratch/grp-rutaoyao/Harsh/ALL_CONFIGS/random_pattern_rots_trans/ppdf_calculation_mpi.py': [Errno 2] No such file or directory
/user/htripath/myenv/bin/python: can't open file '/vscratch/grp-rutaoyao/Harsh/ALL_CONFIGS/random_pattern_rots_trans/ppdf_calculation_mpi.py': [Errno 2] No such file or directory
/user/htripath/myenv/bin/python: can't open file '/vscratch/grp-rutaoyao/Harsh/ALL_CONFIGS/random_pattern_rots_trans/ppdf_calculation_mpi.py': [Errno 2] No such file or directory
/user/htripath/myenv/bin/python: can't open file '/vscratch/grp-rutaoyao/Harsh/ALL_CONFIGS/random_pattern_rots_trans/ppdf_calculation_mpi.py': [Errno 2] No such file or directory
/user/htripath/myenv/bin/python: can't open file '/vscratch/grp-rutaoyao/Harsh/ALL_CONFIGS/random_pattern_rots_trans/ppdf_calculation_mpi.py': [Errno 2] No such file or directory
/user/htripath/myenv/bin/python: can't open file '/vscratch/grp-rutaoyao/Harsh/ALL_CONFIGS/random_pattern_rots_trans/ppdf_calculation_mpi.py': [Errno 2] No such file or directory
/user/htripath/myenv/bin/python: can't open file '/vscratch/grp-rutaoyao/Harsh/ALL_CONFIGS/random_pattern_rots_trans/ppdf_calculation_mpi.py': [Errno 2] No such file or directory
srun: error: cpn-i15-30: tasks 27-29: Exited with exit code 2
srun: Terminating StepId=19960990.0
slurmstepd: error: *** STEP 19960990.0 ON cpn-h22-05 CANCELLED AT 2025-06-05T14:05:09 ***
srun: error: cpn-h22-05: tasks 0-3: Exited with exit code 2
srun: error: cpn-i15-15: tasks 24-26: Exited with exit code 2
srun: error: cpn-i15-08: tasks 20-23: Exited with exit code 2
srun: error: cpn-h23-04: tasks 8-11: Exited with exit code 2
srun: error: cpn-h22-29: tasks 4-7: Exited with exit code 2
srun: error: cpn-h23-32: tasks 16-19: Exited with exit code 2
srun: error: cpn-h23-06: tasks 12-14: Exited with exit code 2
srun: error: cpn-h23-06: task 15: Terminated
srun: Force Terminated StepId=19960990.0
