[cpn-h23-04.core.ccr.buffalo.edu:3769502] common_ucx.c:362  Warning: UCX is unable to handle VM_UNMAP event. This may cause performance degradation or data corruption. Pls try adding --mca opal_common_ucx_opal_mem_hooks 1 to mpirun/oshrun command line to resolve this issue.
[cpn-h23-34.core.ccr.buffalo.edu:3184570] common_ucx.c:362  Warning: UCX is unable to handle VM_UNMAP event. This may cause performance degradation or data corruption. Pls try adding --mca opal_common_ucx_opal_mem_hooks 1 to mpirun/oshrun command line to resolve this issue.
[cpn-h23-32.core.ccr.buffalo.edu:10400] common_ucx.c:362  Warning: UCX is unable to handle VM_UNMAP event. This may cause performance degradation or data corruption. Pls try adding --mca opal_common_ucx_opal_mem_hooks 1 to mpirun/oshrun command line to resolve this issue.
[cpn-h23-36.core.ccr.buffalo.edu:3568169] common_ucx.c:362  Warning: UCX is unable to handle VM_UNMAP event. This may cause performance degradation or data corruption. Pls try adding --mca opal_common_ucx_opal_mem_hooks 1 to mpirun/oshrun command line to resolve this issue.
[cpn-h23-07.core.ccr.buffalo.edu:1566941] common_ucx.c:362  Warning: UCX is unable to handle VM_UNMAP event. This may cause performance degradation or data corruption. Pls try adding --mca opal_common_ucx_opal_mem_hooks 1 to mpirun/oshrun command line to resolve this issue.
[cpn-h23-07.core.ccr.buffalo.edu:1566942] common_ucx.c:362  Warning: UCX is unable to handle VM_UNMAP event. This may cause performance degradation or data corruption. Pls try adding --mca opal_common_ucx_opal_mem_hooks 1 to mpirun/oshrun command line to resolve this issue.
[cpn-h23-07.core.ccr.buffalo.edu:1566943] common_ucx.c:362  Warning: UCX is unable to handle VM_UNMAP event. This may cause performance degradation or data corruption. Pls try adding --mca opal_common_ucx_opal_mem_hooks 1 to mpirun/oshrun command line to resolve this issue.
[cpn-h23-05.core.ccr.buffalo.edu:1235351] common_ucx.c:362  Warning: UCX is unable to handle VM_UNMAP event. This may cause performance degradation or data corruption. Pls try adding --mca opal_common_ucx_opal_mem_hooks 1 to mpirun/oshrun command line to resolve this issue.
[cpn-h23-30.core.ccr.buffalo.edu:1844516] common_ucx.c:362  Warning: UCX is unable to handle VM_UNMAP event. This may cause performance degradation or data corruption. Pls try adding --mca opal_common_ucx_opal_mem_hooks 1 to mpirun/oshrun command line to resolve this issue.
[cpn-h23-30.core.ccr.buffalo.edu:1844517] common_ucx.c:362  Warning: UCX is unable to handle VM_UNMAP event. This may cause performance degradation or data corruption. Pls try adding --mca opal_common_ucx_opal_mem_hooks 1 to mpirun/oshrun command line to resolve this issue.
[cpn-h23-05.core.ccr.buffalo.edu:1235349] common_ucx.c:362  Warning: UCX is unable to handle VM_UNMAP event. This may cause performance degradation or data corruption. Pls try adding --mca opal_common_ucx_opal_mem_hooks 1 to mpirun/oshrun command line to resolve this issue.
[cpn-h23-05.core.ccr.buffalo.edu:1235350] common_ucx.c:362  Warning: UCX is unable to handle VM_UNMAP event. This may cause performance degradation or data corruption. Pls try adding --mca opal_common_ucx_opal_mem_hooks 1 to mpirun/oshrun command line to resolve this issue.
[cpn-h23-05.core.ccr.buffalo.edu:1235352] common_ucx.c:362  Warning: UCX is unable to handle VM_UNMAP event. This may cause performance degradation or data corruption. Pls try adding --mca opal_common_ucx_opal_mem_hooks 1 to mpirun/oshrun command line to resolve this issue.
[cpn-h23-30.core.ccr.buffalo.edu:1844513] common_ucx.c:362  Warning: UCX is unable to handle VM_UNMAP event. This may cause performance degradation or data corruption. Pls try adding --mca opal_common_ucx_opal_mem_hooks 1 to mpirun/oshrun command line to resolve this issue.
[cpn-h23-30.core.ccr.buffalo.edu:1844514] common_ucx.c:362  Warning: UCX is unable to handle VM_UNMAP event. This may cause performance degradation or data corruption. Pls try adding --mca opal_common_ucx_opal_mem_hooks 1 to mpirun/oshrun command line to resolve this issue.
[cpn-h23-30.core.ccr.buffalo.edu:1844518] common_ucx.c:362  Warning: UCX is unable to handle VM_UNMAP event. This may cause performance degradation or data corruption. Pls try adding --mca opal_common_ucx_opal_mem_hooks 1 to mpirun/oshrun command line to resolve this issue.
[cpn-h23-30.core.ccr.buffalo.edu:1844515] common_ucx.c:362  Warning: UCX is unable to handle VM_UNMAP event. This may cause performance degradation or data corruption. Pls try adding --mca opal_common_ucx_opal_mem_hooks 1 to mpirun/oshrun command line to resolve this issue.
[cpn-h23-30.core.ccr.buffalo.edu:1844519] common_ucx.c:362  Warning: UCX is unable to handle VM_UNMAP event. This may cause performance degradation or data corruption. Pls try adding --mca opal_common_ucx_opal_mem_hooks 1 to mpirun/oshrun command line to resolve this issue.
[cpn-h23-30.core.ccr.buffalo.edu:1844520] common_ucx.c:362  Warning: UCX is unable to handle VM_UNMAP event. This may cause performance degradation or data corruption. Pls try adding --mca opal_common_ucx_opal_mem_hooks 1 to mpirun/oshrun command line to resolve this issue.
[cpn-h23-30.core.ccr.buffalo.edu:1844521] common_ucx.c:362  Warning: UCX is unable to handle VM_UNMAP event. This may cause performance degradation or data corruption. Pls try adding --mca opal_common_ucx_opal_mem_hooks 1 to mpirun/oshrun command line to resolve this issue.
[cpn-h23-06.core.ccr.buffalo.edu:1674644] common_ucx.c:362  Warning: UCX is unable to handle VM_UNMAP event. This may cause performance degradation or data corruption. Pls try adding --mca opal_common_ucx_opal_mem_hooks 1 to mpirun/oshrun command line to resolve this issue.
[cpn-h23-06.core.ccr.buffalo.edu:1674645] common_ucx.c:362  Warning: UCX is unable to handle VM_UNMAP event. This may cause performance degradation or data corruption. Pls try adding --mca opal_common_ucx_opal_mem_hooks 1 to mpirun/oshrun command line to resolve this issue.
[cpn-h23-06.core.ccr.buffalo.edu:1674642] common_ucx.c:362  Warning: UCX is unable to handle VM_UNMAP event. This may cause performance degradation or data corruption. Pls try adding --mca opal_common_ucx_opal_mem_hooks 1 to mpirun/oshrun command line to resolve this issue.
[cpn-h23-06.core.ccr.buffalo.edu:1674643] common_ucx.c:362  Warning: UCX is unable to handle VM_UNMAP event. This may cause performance degradation or data corruption. Pls try adding --mca opal_common_ucx_opal_mem_hooks 1 to mpirun/oshrun command line to resolve this issue.
[cpn-h23-06.core.ccr.buffalo.edu:1674646] common_ucx.c:362  Warning: UCX is unable to handle VM_UNMAP event. This may cause performance degradation or data corruption. Pls try adding --mca opal_common_ucx_opal_mem_hooks 1 to mpirun/oshrun command line to resolve this issue.
[cpn-h23-06.core.ccr.buffalo.edu:1674648] common_ucx.c:362  Warning: UCX is unable to handle VM_UNMAP event. This may cause performance degradation or data corruption. Pls try adding --mca opal_common_ucx_opal_mem_hooks 1 to mpirun/oshrun command line to resolve this issue.
[cpn-h23-06.core.ccr.buffalo.edu:1674649] common_ucx.c:362  Warning: UCX is unable to handle VM_UNMAP event. This may cause performance degradation or data corruption. Pls try adding --mca opal_common_ucx_opal_mem_hooks 1 to mpirun/oshrun command line to resolve this issue.
[cpn-h23-06.core.ccr.buffalo.edu:1674653] common_ucx.c:362  Warning: UCX is unable to handle VM_UNMAP event. This may cause performance degradation or data corruption. Pls try adding --mca opal_common_ucx_opal_mem_hooks 1 to mpirun/oshrun command line to resolve this issue.
[cpn-h23-06.core.ccr.buffalo.edu:1674652] common_ucx.c:362  Warning: UCX is unable to handle VM_UNMAP event. This may cause performance degradation or data corruption. Pls try adding --mca opal_common_ucx_opal_mem_hooks 1 to mpirun/oshrun command line to resolve this issue.
[cpn-h23-06.core.ccr.buffalo.edu:1674647] common_ucx.c:362  Warning: UCX is unable to handle VM_UNMAP event. This may cause performance degradation or data corruption. Pls try adding --mca opal_common_ucx_opal_mem_hooks 1 to mpirun/oshrun command line to resolve this issue.
[cpn-h23-06.core.ccr.buffalo.edu:1674651] common_ucx.c:362  Warning: UCX is unable to handle VM_UNMAP event. This may cause performance degradation or data corruption. Pls try adding --mca opal_common_ucx_opal_mem_hooks 1 to mpirun/oshrun command line to resolve this issue.
[cpn-h23-06.core.ccr.buffalo.edu:1674650] common_ucx.c:362  Warning: UCX is unable to handle VM_UNMAP event. This may cause performance degradation or data corruption. Pls try adding --mca opal_common_ucx_opal_mem_hooks 1 to mpirun/oshrun command line to resolve this issue.
slurmstepd: error: Detected 1 oom_kill event in StepId=19958343.0. Some of the step tasks have been OOM Killed.
srun: error: cpn-h23-30: task 22: Out Of Memory
srun: Terminating StepId=19958343.0
slurmstepd: error: *** STEP 19958343.0 ON cpn-h23-04 CANCELLED AT 2025-06-04T21:36:16 ***
srun: error: cpn-h23-32: task 29: Terminated
srun: error: cpn-h23-04: task 0: Terminated
srun: error: cpn-h23-36: task 31: Terminated
slurmstepd: error: Detected 1 oom_kill event in StepId=19958343.0. Some of the step tasks have been OOM Killed.
srun: error: cpn-h23-34: task 30: Terminated
srun: error: cpn-h23-07: tasks 17-19: Terminated
slurmstepd: error: Detected 1 oom_kill event in StepId=19958343.0. Some of the step tasks have been OOM Killed.
srun: Force Terminated StepId=19958343.0
