--- Job Information ---
Job ID: 19965735
Job Name: ppdf-mpi-600pos
Node List: cpn-q06-04-[01-02],cpn-q06-05-02,cpn-q06-09-02,cpn-q06-12-02,cpn-q06-13-01,cpn-q06-17-[01-02],cpn-q06-[20,24],cpn-q06-27-01,cpn-q06-28-[01-02],cpn-q07-04-02,cpn-q07-05-02,cpn-q07-16-01,cpn-q07-24,cpn-q07-27-02,cpn-q07-36-02
Number of Nodes: 19
Number of Tasks: 30
CPUs per Task: 8
Memory per CPU: 
--- Loading Modules ---
The following modules were not unloaded:
  (Use "module --force purge" to unload all):

  1) ccrenv   2) gentoo/2023.01   3) ccrsoft/2023.01
--- Modules After Loading ---

Currently Loaded Modules:
  1) ccrenv                   (H)        7) imkl-fftw/2022.0.1
  2) gentoo/2023.01           (H,S,os)   8) intel/2022.00      (t)
  3) ccrsoft/2023.01          (S)        9) gcccore/11.2.0     (H,t)
  4) intel-compilers/2022.0.1 (H,t)     10) ucx/1.11.2         (H)
  5) impi/2021.5.0            (m)       11) szip/2.1.1         (H)
  6) imkl/2022.0.1            (math)    12) hdf5/1.14.1        (io)

  Where:
   H:     Hidden Module
   S:     Module is Sticky, requires --force to unload or purge
   io:    Input/output software
   m:     MPI implementations
   math:  Mathematical libraries
   os:    Base OS
   t:     Tools for development

 

--- Activating Virtual Environment ---
Python executable: /user/htripath/myenv/bin/python
mpi4py version: Version: 4.0.3
mpi4py location: Location: /user/htripath/myenv/lib/python3.10/site-packages
--- Setting Intel MPI Environment Variables ---
I_MPI_F77=ifort
I_MPI_DEBUG=4
I_MPI_CC=icc
I_MPI_ROOT=/cvmfs/soft.ccr.buffalo.edu/versions/2023.01/easybuild/software/avx512/Compiler/intel/2022.0.1/impi/2021.5.0/mpi/2021.5.0
I_MPI_HYDRA_BOOTSTRAP_EXEC_EXTRA_ARGS=--external-launcher
I_MPI_FC=ifort
I_MPI_CXX=icpc
I_MPI_F90=ifort
I_MPI_PMI_LIBRARY=/opt/software/slurm/lib64/libpmi2.so
I_MPI_HYDRA_BOOTSTRAP=slurm
Current directory: /vscratch/grp-rutaoyao/Harsh/ALL_CONFIGS/random_pattern_rots_trans
Listing files in current directory:
total 131
-rw-r--r-- 1 htripath grp-rutaoyao  3380 Jun  6 07:53 hpc
drwxr-sr-x 2 htripath grp-rutaoyao  4096 Jun  5 16:12 logs
-rw-r--r-- 1 htripath grp-rutaoyao  3420 Jun  4 18:37 ppdf_calculation_no_mpi_layouts.py
-rw-r--r-- 1 htripath grp-rutaoyao  7581 Jun  5 09:48 ppdf_mpi.py
drwxrwsr-x 2 htripath grp-rutaoyao  4096 Jun  4 18:37 __pycache__
-rw-r--r-- 1 htripath grp-rutaoyao 20312 Jun  4 18:28 raytracer_2d.py
drwxr-sr-x 2 htripath grp-rutaoyao  4096 Jun  4 18:29 scanner_layouts
drwxrwsr-x 2 htripath grp-rutaoyao  4096 Jun  6 07:55 scanner_layouts_508640ff8dc59f67dd884fdbc89ee122
-rw-rw-r-- 1 htripath grp-rutaoyao  3160 Jun  5 16:45 slurm-19962405.out
-rw-rw-r-- 1 htripath grp-rutaoyao 11576 Jun  5 19:53 slurm-19962548.out
-rw-rw-r-- 1 htripath grp-rutaoyao 80192 Jun  6 00:34 slurm-19964830.out
-rw-rw-r-- 1 htripath grp-rutaoyao  1977 Jun  6 07:56 slurm-19965735.out
-rw-r--r-- 1 htripath grp-rutaoyao   986 Jun  4 18:34 submit_ppdf.sh
drwxr-sr-x 2 htripath grp-rutaoyao  4096 Jun  4 18:23 tensor_layouts
--- Running MPI Python Script ---
[cpn-q06-04-01.core.ccr.buffalo.edu:786712] common_ucx.c:362  Warning: UCX is unable to handle VM_UNMAP event. This may cause performance degradation or data corruption. Pls try adding --mca opal_common_ucx_opal_mem_hooks 1 to mpirun/oshrun command line to resolve this issue.
[cpn-q06-20.core.ccr.buffalo.edu:2790748] common_ucx.c:362  Warning: UCX is unable to handle VM_UNMAP event. This may cause performance degradation or data corruption. Pls try adding --mca opal_common_ucx_opal_mem_hooks 1 to mpirun/oshrun command line to resolve this issue.
[cpn-q06-24.core.ccr.buffalo.edu:2293118] common_ucx.c:362  Warning: UCX is unable to handle VM_UNMAP event. This may cause performance degradation or data corruption. Pls try adding --mca opal_common_ucx_opal_mem_hooks 1 to mpirun/oshrun command line to resolve this issue.
[cpn-q07-04-02.core.ccr.buffalo.edu:611687] common_ucx.c:362  Warning: UCX is unable to handle VM_UNMAP event. This may cause performance degradation or data corruption. Pls try adding --mca opal_common_ucx_opal_mem_hooks 1 to mpirun/oshrun command line to resolve this issue.
[cpn-q06-17-02.core.ccr.buffalo.edu:746644] common_ucx.c:362  Warning: UCX is unable to handle VM_UNMAP event. This may cause performance degradation or data corruption. Pls try adding --mca opal_common_ucx_opal_mem_hooks 1 to mpirun/oshrun command line to resolve this issue.
[cpn-q07-05-02.core.ccr.buffalo.edu:649577] common_ucx.c:362  Warning: UCX is unable to handle VM_UNMAP event. This may cause performance degradation or data corruption. Pls try adding --mca opal_common_ucx_opal_mem_hooks 1 to mpirun/oshrun command line to resolve this issue.
[cpn-q07-27-02.core.ccr.buffalo.edu:3916902] common_ucx.c:362  Warning: UCX is unable to handle VM_UNMAP event. This may cause performance degradation or data corruption. Pls try adding --mca opal_common_ucx_opal_mem_hooks 1 to mpirun/oshrun command line to resolve this issue.
[cpn-q06-05-02.core.ccr.buffalo.edu:714140] common_ucx.c:362  Warning: UCX is unable to handle VM_UNMAP event. This may cause performance degradation or data corruption. Pls try adding --mca opal_common_ucx_opal_mem_hooks 1 to mpirun/oshrun command line to resolve this issue.
[cpn-q07-16-01.core.ccr.buffalo.edu:1065391] common_ucx.c:362  Warning: UCX is unable to handle VM_UNMAP event. This may cause performance degradation or data corruption. Pls try adding --mca opal_common_ucx_opal_mem_hooks 1 to mpirun/oshrun command line to resolve this issue.
[cpn-q06-13-01.core.ccr.buffalo.edu:1302186] common_ucx.c:362  Warning: UCX is unable to handle VM_UNMAP event. This may cause performance degradation or data corruption. Pls try adding --mca opal_common_ucx_opal_mem_hooks 1 to mpirun/oshrun command line to resolve this issue.
[cpn-q07-24.core.ccr.buffalo.edu:292320] common_ucx.c:362  Warning: UCX is unable to handle VM_UNMAP event. This may cause performance degradation or data corruption. Pls try adding --mca opal_common_ucx_opal_mem_hooks 1 to mpirun/oshrun command line to resolve this issue.
[cpn-q07-24.core.ccr.buffalo.edu:292319] common_ucx.c:362  Warning: UCX is unable to handle VM_UNMAP event. This may cause performance degradation or data corruption. Pls try adding --mca opal_common_ucx_opal_mem_hooks 1 to mpirun/oshrun command line to resolve this issue.
[cpn-q07-36-02.core.ccr.buffalo.edu:3775987] common_ucx.c:362  Warning: UCX is unable to handle VM_UNMAP event. This may cause performance degradation or data corruption. Pls try adding --mca opal_common_ucx_opal_mem_hooks 1 to mpirun/oshrun command line to resolve this issue.
[cpn-q07-36-02.core.ccr.buffalo.edu:3775985] common_ucx.c:362  Warning: UCX is unable to handle VM_UNMAP event. This may cause performance degradation or data corruption. Pls try adding --mca opal_common_ucx_opal_mem_hooks 1 to mpirun/oshrun command line to resolve this issue.
[cpn-q07-36-02.core.ccr.buffalo.edu:3775986] common_ucx.c:362  Warning: UCX is unable to handle VM_UNMAP event. This may cause performance degradation or data corruption. Pls try adding --mca opal_common_ucx_opal_mem_hooks 1 to mpirun/oshrun command line to resolve this issue.
[cpn-q06-28-02.core.ccr.buffalo.edu:1577469] common_ucx.c:362  Warning: UCX is unable to handle VM_UNMAP event. This may cause performance degradation or data corruption. Pls try adding --mca opal_common_ucx_opal_mem_hooks 1 to mpirun/oshrun command line to resolve this issue.
[cpn-q06-28-01.core.ccr.buffalo.edu:3437808] common_ucx.c:362  Warning: UCX is unable to handle VM_UNMAP event. This may cause performance degradation or data corruption. Pls try adding --mca opal_common_ucx_opal_mem_hooks 1 to mpirun/oshrun command line to resolve this issue.
[cpn-q06-28-02.core.ccr.buffalo.edu:1577471] common_ucx.c:362  Warning: UCX is unable to handle VM_UNMAP event. This may cause performance degradation or data corruption. Pls try adding --mca opal_common_ucx_opal_mem_hooks 1 to mpirun/oshrun command line to resolve this issue.
[cpn-q06-28-02.core.ccr.buffalo.edu:1577470] common_ucx.c:362  Warning: UCX is unable to handle VM_UNMAP event. This may cause performance degradation or data corruption. Pls try adding --mca opal_common_ucx_opal_mem_hooks 1 to mpirun/oshrun command line to resolve this issue.
[cpn-q06-27-01.core.ccr.buffalo.edu:833624] common_ucx.c:362  Warning: UCX is unable to handle VM_UNMAP event. This may cause performance degradation or data corruption. Pls try adding --mca opal_common_ucx_opal_mem_hooks 1 to mpirun/oshrun command line to resolve this issue.
[cpn-q06-27-01.core.ccr.buffalo.edu:833620] common_ucx.c:362  Warning: UCX is unable to handle VM_UNMAP event. This may cause performance degradation or data corruption. Pls try adding --mca opal_common_ucx_opal_mem_hooks 1 to mpirun/oshrun command line to resolve this issue.
[cpn-q06-27-01.core.ccr.buffalo.edu:833623] common_ucx.c:362  Warning: UCX is unable to handle VM_UNMAP event. This may cause performance degradation or data corruption. Pls try adding --mca opal_common_ucx_opal_mem_hooks 1 to mpirun/oshrun command line to resolve this issue.
[cpn-q06-27-01.core.ccr.buffalo.edu:833621] common_ucx.c:362  Warning: UCX is unable to handle VM_UNMAP event. This may cause performance degradation or data corruption. Pls try adding --mca opal_common_ucx_opal_mem_hooks 1 to mpirun/oshrun command line to resolve this issue.
[cpn-q06-27-01.core.ccr.buffalo.edu:833622] common_ucx.c:362  Warning: UCX is unable to handle VM_UNMAP event. This may cause performance degradation or data corruption. Pls try adding --mca opal_common_ucx_opal_mem_hooks 1 to mpirun/oshrun command line to resolve this issue.
[cpn-q06-09-02.core.ccr.buffalo.edu:718242] common_ucx.c:362  Warning: UCX is unable to handle VM_UNMAP event. This may cause performance degradation or data corruption. Pls try adding --mca opal_common_ucx_opal_mem_hooks 1 to mpirun/oshrun command line to resolve this issue.
[cpn-q06-17-01.core.ccr.buffalo.edu:672679] common_ucx.c:362  Warning: UCX is unable to handle VM_UNMAP event. This may cause performance degradation or data corruption. Pls try adding --mca opal_common_ucx_opal_mem_hooks 1 to mpirun/oshrun command line to resolve this issue.
[cpn-q06-04-02.core.ccr.buffalo.edu:561125] common_ucx.c:362  Warning: UCX is unable to handle VM_UNMAP event. This may cause performance degradation or data corruption. Pls try adding --mca opal_common_ucx_opal_mem_hooks 1 to mpirun/oshrun command line to resolve this issue.
[cpn-q06-20.core.ccr.buffalo.edu:2790746] common_ucx.c:362  Warning: UCX is unable to handle VM_UNMAP event. This may cause performance degradation or data corruption. Pls try adding --mca opal_common_ucx_opal_mem_hooks 1 to mpirun/oshrun command line to resolve this issue.
[cpn-q06-20.core.ccr.buffalo.edu:2790747] common_ucx.c:362  Warning: UCX is unable to handle VM_UNMAP event. This may cause performance degradation or data corruption. Pls try adding --mca opal_common_ucx_opal_mem_hooks 1 to mpirun/oshrun command line to resolve this issue.
[cpn-q06-12-02.core.ccr.buffalo.edu:753207] common_ucx.c:362  Warning: UCX is unable to handle VM_UNMAP event. This may cause performance degradation or data corruption. Pls try adding --mca opal_common_ucx_opal_mem_hooks 1 to mpirun/oshrun command line to resolve this issue.
Rank 20 processing positions: [20, 50, 80]... (total 20)
[Rank 020] Evaluating position 020 ...
[Rank 020] Position 020 finished. Avg time per xtal iter: 0.7596s. Total for position: 551.49s
[Rank 020] Evaluating position 050 ...
[Rank 020] Position 050 finished. Avg time per xtal iter: 0.7443s. Total for position: 540.38s
[Rank 020] Evaluating position 080 ...
[Rank 020] Position 080 finished. Avg time per xtal iter: 0.7124s. Total for position: 517.22s
[Rank 020] Evaluating position 110 ...
[Rank 020] Position 110 finished. Avg time per xtal iter: 0.7239s. Total for position: 525.56s
[Rank 020] Evaluating position 140 ...
[Rank 020] Position 140 finished. Avg time per xtal iter: 0.7027s. Total for position: 510.22s
[Rank 020] Evaluating position 170 ...
[Rank 020] Position 170 finished. Avg time per xtal iter: 0.7093s. Total for position: 515.00s
[Rank 020] Evaluating position 200 ...
[Rank 020] Position 200 finished. Avg time per xtal iter: 0.6906s. Total for position: 501.41s
[Rank 020] Evaluating position 230 ...
[Rank 020] Position 230 finished. Avg time per xtal iter: 0.7060s. Total for position: 512.57s
[Rank 020] Evaluating position 260 ...
[Rank 020] Position 260 finished. Avg time per xtal iter: 0.6923s. Total for position: 502.66s
[Rank 020] Evaluating position 290 ...
[Rank 020] Position 290 finished. Avg time per xtal iter: 0.6679s. Total for position: 484.96s
[Rank 020] Evaluating position 320 ...
[Rank 020] Position 320 finished. Avg time per xtal iter: 0.6592s. Total for position: 478.60s
[Rank 020] Evaluating position 350 ...
[Rank 020] Position 350 finished. Avg time per xtal iter: 0.6739s. Total for position: 489.27s
[Rank 020] Evaluating position 380 ...
[Rank 020] Position 380 finished. Avg time per xtal iter: 0.6564s. Total for position: 476.55s
[Rank 020] Evaluating position 410 ...
[Rank 020] Position 410 finished. Avg time per xtal iter: 0.6684s. Total for position: 485.28s
[Rank 020] Evaluating position 440 ...
[Rank 020] Position 440 finished. Avg time per xtal iter: 0.6567s. Total for position: 476.77s
[Rank 020] Evaluating position 470 ...
[Rank 020] Position 470 finished. Avg time per xtal iter: 0.6693s. Total for position: 485.92s
[Rank 020] Evaluating position 500 ...
[Rank 020] Position 500 finished. Avg time per xtal iter: 0.6854s. Total for position: 497.60s
[Rank 020] Evaluating position 530 ...
[Rank 020] Position 530 finished. Avg time per xtal iter: 0.6815s. Total for position: 494.78s
[Rank 020] Evaluating position 560 ...
[Rank 020] Position 560 finished. Avg time per xtal iter: 0.6668s. Total for position: 484.10s
[Rank 020] Evaluating position 590 ...
[Rank 020] Position 590 finished. Avg time per xtal iter: 0.6771s. Total for position: 491.59s
Rank 8 processing positions: [8, 38, 68]... (total 20)
[Rank 008] Evaluating position 008 ...
[Rank 008] Position 008 finished. Avg time per xtal iter: 0.7316s. Total for position: 531.19s
[Rank 008] Evaluating position 038 ...
[Rank 008] Position 038 finished. Avg time per xtal iter: 0.7389s. Total for position: 536.46s
[Rank 008] Evaluating position 068 ...
[Rank 008] Position 068 finished. Avg time per xtal iter: 0.7211s. Total for position: 523.54s
[Rank 008] Evaluating position 098 ...
[Rank 008] Position 098 finished. Avg time per xtal iter: 0.7354s. Total for position: 533.95s
[Rank 008] Evaluating position 128 ...
[Rank 008] Position 128 finished. Avg time per xtal iter: 0.7258s. Total for position: 526.98s
[Rank 008] Evaluating position 158 ...
[Rank 008] Position 158 finished. Avg time per xtal iter: 0.7287s. Total for position: 529.08s
[Rank 008] Evaluating position 188 ...
[Rank 008] Position 188 finished. Avg time per xtal iter: 0.7060s. Total for position: 512.63s
[Rank 008] Evaluating position 218 ...
[Rank 008] Position 218 finished. Avg time per xtal iter: 0.7317s. Total for position: 531.26s
[Rank 008] Evaluating position 248 ...
[Rank 008] Position 248 finished. Avg time per xtal iter: 0.7169s. Total for position: 520.51s
[Rank 008] Evaluating position 278 ...
[Rank 008] Position 278 finished. Avg time per xtal iter: 0.7181s. Total for position: 521.40s
[Rank 008] Evaluating position 308 ...
[Rank 008] Position 308 finished. Avg time per xtal iter: 0.7134s. Total for position: 517.96s
[Rank 008] Evaluating position 338 ...
[Rank 008] Position 338 finished. Avg time per xtal iter: 0.7243s. Total for position: 525.91s
[Rank 008] Evaluating position 368 ...
[Rank 008] Position 368 finished. Avg time per xtal iter: 0.7212s. Total for position: 523.62s
[Rank 008] Evaluating position 398 ...
[Rank 008] Position 398 finished. Avg time per xtal iter: 0.7207s. Total for position: 523.27s
[Rank 008] Evaluating position 428 ...
[Rank 008] Position 428 finished. Avg time per xtal iter: 0.7003s. Total for position: 508.45s
[Rank 008] Evaluating position 458 ...
[Rank 008] Position 458 finished. Avg time per xtal iter: 0.7124s. Total for position: 517.28s
[Rank 008] Evaluating position 488 ...
[Rank 008] Position 488 finished. Avg time per xtal iter: 0.7007s. Total for position: 508.75s
[Rank 008] Evaluating position 518 ...
[Rank 008] Position 518 finished. Avg time per xtal iter: 0.7138s. Total for position: 518.29s
[Rank 008] Evaluating position 548 ...
[Rank 008] Position 548 finished. Avg time per xtal iter: 0.7066s. Total for position: 513.08s
[Rank 008] Evaluating position 578 ...
[Rank 008] Position 578 finished. Avg time per xtal iter: 0.7154s. Total for position: 519.43s
Rank 9 processing positions: [9, 39, 69]... (total 20)
[Rank 009] Evaluating position 009 ...
[Rank 009] Position 009 finished. Avg time per xtal iter: 0.7427s. Total for position: 539.24s
[Rank 009] Evaluating position 039 ...
[Rank 009] Position 039 finished. Avg time per xtal iter: 0.7420s. Total for position: 538.77s
[Rank 009] Evaluating position 069 ...
[Rank 009] Position 069 finished. Avg time per xtal iter: 0.7320s. Total for position: 531.50s
[Rank 009] Evaluating position 099 ...
[Rank 009] Position 099 finished. Avg time per xtal iter: 0.7329s. Total for position: 532.11s
[Rank 009] Evaluating position 129 ...
[Rank 009] Position 129 finished. Avg time per xtal iter: 0.7369s. Total for position: 535.04s
[Rank 009] Evaluating position 159 ...
[Rank 009] Position 159 finished. Avg time per xtal iter: 0.7225s. Total for position: 524.56s
[Rank 009] Evaluating position 189 ...
[Rank 009] Position 189 finished. Avg time per xtal iter: 0.7139s. Total for position: 518.33s
[Rank 009] Evaluating position 219 ...
[Rank 009] Position 219 finished. Avg time per xtal iter: 0.7310s. Total for position: 530.75s
[Rank 009] Evaluating position 249 ...
[Rank 009] Position 249 finished. Avg time per xtal iter: 0.7255s. Total for position: 526.79s
[Rank 009] Evaluating position 279 ...
[Rank 009] Position 279 finished. Avg time per xtal iter: 0.7172s. Total for position: 520.75s
[Rank 009] Evaluating position 309 ...
[Rank 009] Position 309 finished. Avg time per xtal iter: 0.7175s. Total for position: 520.98s
[Rank 009] Evaluating position 339 ...
[Rank 009] Position 339 finished. Avg time per xtal iter: 0.7180s. Total for position: 521.35s
[Rank 009] Evaluating position 369 ...
[Rank 009] Position 369 finished. Avg time per xtal iter: 0.7291s. Total for position: 529.38s
[Rank 009] Evaluating position 399 ...
[Rank 009] Position 399 finished. Avg time per xtal iter: 0.7181s. Total for position: 521.38s
[Rank 009] Evaluating position 429 ...
[Rank 009] Position 429 finished. Avg time per xtal iter: 0.7095s. Total for position: 515.15s
[Rank 009] Evaluating position 459 ...
[Rank 009] Position 459 finished. Avg time per xtal iter: 0.7127s. Total for position: 517.49s
[Rank 009] Evaluating position 489 ...
[Rank 009] Position 489 finished. Avg time per xtal iter: 0.7091s. Total for position: 514.88s
[Rank 009] Evaluating position 519 ...
[Rank 009] Position 519 finished. Avg time per xtal iter: 0.7151s. Total for position: 519.23s
[Rank 009] Evaluating position 549 ...
[Rank 009] Position 549 finished. Avg time per xtal iter: 0.7199s. Total for position: 522.72s
[Rank 009] Evaluating position 579 ...
[Rank 009] Position 579 finished. Avg time per xtal iter: 0.7232s. Total for position: 525.12s
Rank 18 processing positions: [18, 48, 78]... (total 20)
[Rank 018] Evaluating position 018 ...
[Rank 018] Position 018 finished. Avg time per xtal iter: 0.7797s. Total for position: 566.13s
[Rank 018] Evaluating position 048 ...
[Rank 018] Position 048 finished. Avg time per xtal iter: 0.7560s. Total for position: 548.87s
[Rank 018] Evaluating position 078 ...
[Rank 018] Position 078 finished. Avg time per xtal iter: 0.7720s. Total for position: 560.51s
[Rank 018] Evaluating position 108 ...
[Rank 018] Position 108 finished. Avg time per xtal iter: 0.7472s. Total for position: 542.51s
[Rank 018] Evaluating position 138 ...
[Rank 018] Position 138 finished. Avg time per xtal iter: 0.7484s. Total for position: 543.40s
[Rank 018] Evaluating position 168 ...
[Rank 018] Position 168 finished. Avg time per xtal iter: 0.7187s. Total for position: 521.81s
[Rank 018] Evaluating position 198 ...
[Rank 018] Position 198 finished. Avg time per xtal iter: 0.7169s. Total for position: 520.49s
[Rank 018] Evaluating position 228 ...
[Rank 018] Position 228 finished. Avg time per xtal iter: 0.7124s. Total for position: 517.25s
[Rank 018] Evaluating position 258 ...
[Rank 018] Position 258 finished. Avg time per xtal iter: 0.7773s. Total for position: 564.36s
[Rank 018] Evaluating position 288 ...
[Rank 018] Position 288 finished. Avg time per xtal iter: 0.7802s. Total for position: 566.46s
[Rank 018] Evaluating position 318 ...
[Rank 018] Position 318 finished. Avg time per xtal iter: 0.7797s. Total for position: 566.13s
[Rank 018] Evaluating position 348 ...
[Rank 018] Position 348 finished. Avg time per xtal iter: 0.7523s. Total for position: 546.18s
[Rank 018] Evaluating position 378 ...
[Rank 018] Position 378 finished. Avg time per xtal iter: 0.7510s. Total for position: 545.27s
[Rank 018] Evaluating position 408 ...
[Rank 018] Position 408 finished. Avg time per xtal iter: 0.7261s. Total for position: 527.16s
[Rank 018] Evaluating position 438 ...
[Rank 018] Position 438 finished. Avg time per xtal iter: 0.7333s. Total for position: 532.45s
[Rank 018] Evaluating position 468 ...
[Rank 018] Position 468 finished. Avg time per xtal iter: 0.7180s. Total for position: 521.30s
[Rank 018] Evaluating position 498 ...
[Rank 018] Position 498 finished. Avg time per xtal iter: 0.7082s. Total for position: 514.21s
[Rank 018] Evaluating position 528 ...
[Rank 018] Position 528 finished. Avg time per xtal iter: 0.6856s. Total for position: 497.80s
[Rank 018] Evaluating position 558 ...
[Rank 018] Position 558 finished. Avg time per xtal iter: 0.6939s. Total for position: 503.81s
[Rank 018] Evaluating position 588 ...
[Rank 018] Position 588 finished. Avg time per xtal iter: 0.6923s. Total for position: 502.67s
Rank 2 processing positions: [2, 32, 62]... (total 20)
[Rank 002] Evaluating position 002 ...
[Rank 002] Position 002 finished. Avg time per xtal iter: 0.7393s. Total for position: 536.77s
[Rank 002] Evaluating position 032 ...
[Rank 002] Position 032 finished. Avg time per xtal iter: 0.7373s. Total for position: 535.37s
[Rank 002] Evaluating position 062 ...
[Rank 002] Position 062 finished. Avg time per xtal iter: 0.7546s. Total for position: 547.87s
[Rank 002] Evaluating position 092 ...
[Rank 002] Position 092 finished. Avg time per xtal iter: 0.7370s. Total for position: 535.15s
[Rank 002] Evaluating position 122 ...
[Rank 002] Position 122 finished. Avg time per xtal iter: 0.7429s. Total for position: 539.38s
[Rank 002] Evaluating position 152 ...
[Rank 002] Position 152 finished. Avg time per xtal iter: 0.7171s. Total for position: 520.67s
[Rank 002] Evaluating position 182 ...
[Rank 002] Position 182 finished. Avg time per xtal iter: 0.7519s. Total for position: 545.93s
[Rank 002] Evaluating position 212 ...
[Rank 002] Position 212 finished. Avg time per xtal iter: 0.7350s. Total for position: 533.68s
[Rank 002] Evaluating position 242 ...
[Rank 002] Position 242 finished. Avg time per xtal iter: 0.7435s. Total for position: 539.88s
[Rank 002] Evaluating position 272 ...
[Rank 002] Position 272 finished. Avg time per xtal iter: 0.7327s. Total for position: 532.00s
[Rank 002] Evaluating position 302 ...
[Rank 002] Position 302 finished. Avg time per xtal iter: 0.7399s. Total for position: 537.24s
[Rank 002] Evaluating position 332 ...
[Rank 002] Position 332 finished. Avg time per xtal iter: 0.7277s. Total for position: 528.37s
[Rank 002] Evaluating position 362 ...
[Rank 002] Position 362 finished. Avg time per xtal iter: 0.7449s. Total for position: 540.85s
[Rank 002] Evaluating position 392 ...
[Rank 002] Position 392 finished. Avg time per xtal iter: 0.7238s. Total for position: 525.55s
[Rank 002] Evaluating position 422 ...
[Rank 002] Position 422 finished. Avg time per xtal iter: 0.7425s. Total for position: 539.09s
[Rank 002] Evaluating position 452 ...
[Rank 002] Position 452 finished. Avg time per xtal iter: 0.7302s. Total for position: 530.22s
[Rank 002] Evaluating position 482 ...
[Rank 002] Position 482 finished. Avg time per xtal iter: 0.7439s. Total for position: 540.11s
[Rank 002] Evaluating position 512 ...
[Rank 002] Position 512 finished. Avg time per xtal iter: 0.7336s. Total for position: 532.66s
[Rank 002] Evaluating position 542 ...
[Rank 002] Position 542 finished. Avg time per xtal iter: 0.7453s. Total for position: 541.17s
[Rank 002] Evaluating position 572 ...
[Rank 002] Position 572 finished. Avg time per xtal iter: 0.7285s. Total for position: 528.96s
Rank 5 processing positions: [5, 35, 65]... (total 20)
[Rank 005] Evaluating position 005 ...
[Rank 005] Position 005 finished. Avg time per xtal iter: 0.7344s. Total for position: 533.23s
[Rank 005] Evaluating position 035 ...
[Rank 005] Position 035 finished. Avg time per xtal iter: 0.7503s. Total for position: 544.77s
[Rank 005] Evaluating position 065 ...
[Rank 005] Position 065 finished. Avg time per xtal iter: 0.7470s. Total for position: 542.37s
[Rank 005] Evaluating position 095 ...
[Rank 005] Position 095 finished. Avg time per xtal iter: 0.7451s. Total for position: 541.04s
[Rank 005] Evaluating position 125 ...
[Rank 005] Position 125 finished. Avg time per xtal iter: 0.7438s. Total for position: 540.04s
[Rank 005] Evaluating position 155 ...
[Rank 005] Position 155 finished. Avg time per xtal iter: 0.7234s. Total for position: 525.23s
[Rank 005] Evaluating position 185 ...
[Rank 005] Position 185 finished. Avg time per xtal iter: 0.7436s. Total for position: 539.89s
[Rank 005] Evaluating position 215 ...
[Rank 005] Position 215 finished. Avg time per xtal iter: 0.7449s. Total for position: 540.87s
[Rank 005] Evaluating position 245 ...
[Rank 005] Position 245 finished. Avg time per xtal iter: 0.7407s. Total for position: 537.84s
[Rank 005] Evaluating position 275 ...
[Rank 005] Position 275 finished. Avg time per xtal iter: 0.7404s. Total for position: 537.57s
[Rank 005] Evaluating position 305 ...
[Rank 005] Position 305 finished. Avg time per xtal iter: 0.7360s. Total for position: 534.41s
[Rank 005] Evaluating position 335 ...
[Rank 005] Position 335 finished. Avg time per xtal iter: 0.7358s. Total for position: 534.25s
[Rank 005] Evaluating position 365 ...
[Rank 005] Position 365 finished. Avg time per xtal iter: 0.7423s. Total for position: 538.94s
[Rank 005] Evaluating position 395 ...
[Rank 005] Position 395 finished. Avg time per xtal iter: 0.7276s. Total for position: 528.29s
[Rank 005] Evaluating position 425 ...
[Rank 005] Position 425 finished. Avg time per xtal iter: 0.7375s. Total for position: 535.52s
[Rank 005] Evaluating position 455 ...
[Rank 005] Position 455 finished. Avg time per xtal iter: 0.7412s. Total for position: 538.21s
[Rank 005] Evaluating position 485 ...
[Rank 005] Position 485 finished. Avg time per xtal iter: 0.7498s. Total for position: 544.40s
[Rank 005] Evaluating position 515 ...
[Rank 005] Position 515 finished. Avg time per xtal iter: 0.7414s. Total for position: 538.35s
[Rank 005] Evaluating position 545 ...
[Rank 005] Position 545 finished. Avg time per xtal iter: 0.7433s. Total for position: 539.68s
[Rank 005] Evaluating position 575 ...
[Rank 005] Position 575 finished. Avg time per xtal iter: 0.7435s. Total for position: 539.86s
Rank 17 processing positions: [17, 47, 77]... (total 20)
[Rank 017] Evaluating position 017 ...
[Rank 017] Position 017 finished. Avg time per xtal iter: 0.7929s. Total for position: 575.69s
[Rank 017] Evaluating position 047 ...
[Rank 017] Position 047 finished. Avg time per xtal iter: 0.7950s. Total for position: 577.19s
[Rank 017] Evaluating position 077 ...
[Rank 017] Position 077 finished. Avg time per xtal iter: 0.7995s. Total for position: 580.47s
[Rank 017] Evaluating position 107 ...
[Rank 017] Position 107 finished. Avg time per xtal iter: 0.7974s. Total for position: 578.96s
[Rank 017] Evaluating position 137 ...
[Rank 017] Position 137 finished. Avg time per xtal iter: 0.7961s. Total for position: 578.03s
[Rank 017] Evaluating position 167 ...
[Rank 017] Position 167 finished. Avg time per xtal iter: 0.7860s. Total for position: 570.70s
[Rank 017] Evaluating position 197 ...
[Rank 017] Position 197 finished. Avg time per xtal iter: 0.7889s. Total for position: 572.75s
[Rank 017] Evaluating position 227 ...
[Rank 017] Position 227 finished. Avg time per xtal iter: 0.7978s. Total for position: 579.22s
[Rank 017] Evaluating position 257 ...
[Rank 017] Position 257 finished. Avg time per xtal iter: 0.7963s. Total for position: 578.16s
[Rank 017] Evaluating position 287 ...
[Rank 017] Position 287 finished. Avg time per xtal iter: 0.7903s. Total for position: 573.80s
[Rank 017] Evaluating position 317 ...
[Rank 017] Position 317 finished. Avg time per xtal iter: 0.7870s. Total for position: 571.43s
[Rank 017] Evaluating position 347 ...
[Rank 017] Position 347 finished. Avg time per xtal iter: 0.7767s. Total for position: 563.94s
[Rank 017] Evaluating position 377 ...
[Rank 017] Position 377 finished. Avg time per xtal iter: 0.7666s. Total for position: 556.59s
[Rank 017] Evaluating position 407 ...
[Rank 017] Position 407 finished. Avg time per xtal iter: 0.7499s. Total for position: 544.50s
[Rank 017] Evaluating position 437 ...
[Rank 017] Position 437 finished. Avg time per xtal iter: 0.7386s. Total for position: 536.24s
[Rank 017] Evaluating position 467 ...
[Rank 017] Position 467 finished. Avg time per xtal iter: 0.7300s. Total for position: 530.00s
[Rank 017] Evaluating position 497 ...
[Rank 017] Position 497 finished. Avg time per xtal iter: 0.7292s. Total for position: 529.45s
[Rank 017] Evaluating position 527 ...
[Rank 017] Position 527 finished. Avg time per xtal iter: 0.7030s. Total for position: 510.40s
[Rank 017] Evaluating position 557 ...
[Rank 017] Position 557 finished. Avg time per xtal iter: 0.6883s. Total for position: 499.74s
[Rank 017] Evaluating position 587 ...
[Rank 017] Position 587 finished. Avg time per xtal iter: 0.6875s. Total for position: 499.19s
Rank 1 processing positions: [1, 31, 61]... (total 20)
[Rank 001] Evaluating position 001 ...
[Rank 001] Position 001 finished. Avg time per xtal iter: 0.8251s. Total for position: 599.02s
[Rank 001] Evaluating position 031 ...
[Rank 001] Position 031 finished. Avg time per xtal iter: 0.8163s. Total for position: 592.66s
[Rank 001] Evaluating position 061 ...
[Rank 001] Position 061 finished. Avg time per xtal iter: 0.8058s. Total for position: 585.04s
[Rank 001] Evaluating position 091 ...
[Rank 001] Position 091 finished. Avg time per xtal iter: 0.8089s. Total for position: 587.30s
[Rank 001] Evaluating position 121 ...
[Rank 001] Position 121 finished. Avg time per xtal iter: 0.8153s. Total for position: 591.95s
[Rank 001] Evaluating position 151 ...
[Rank 001] Position 151 finished. Avg time per xtal iter: 0.8061s. Total for position: 585.25s
[Rank 001] Evaluating position 181 ...
[Rank 001] Position 181 finished. Avg time per xtal iter: 0.7988s. Total for position: 579.96s
[Rank 001] Evaluating position 211 ...
[Rank 001] Position 211 finished. Avg time per xtal iter: 0.8061s. Total for position: 585.27s
[Rank 001] Evaluating position 241 ...
[Rank 001] Position 241 finished. Avg time per xtal iter: 0.8077s. Total for position: 586.44s
[Rank 001] Evaluating position 271 ...
[Rank 001] Position 271 finished. Avg time per xtal iter: 0.7377s. Total for position: 535.62s
[Rank 001] Evaluating position 301 ...
[Rank 001] Position 301 finished. Avg time per xtal iter: 0.7531s. Total for position: 546.77s
[Rank 001] Evaluating position 331 ...
[Rank 001] Position 331 finished. Avg time per xtal iter: 0.7284s. Total for position: 528.86s
[Rank 001] Evaluating position 361 ...
[Rank 001] Position 361 finished. Avg time per xtal iter: 0.7952s. Total for position: 577.35s
[Rank 001] Evaluating position 391 ...
[Rank 001] Position 391 finished. Avg time per xtal iter: 0.8040s. Total for position: 583.72s
[Rank 001] Evaluating position 421 ...
[Rank 001] Position 421 finished. Avg time per xtal iter: 0.7873s. Total for position: 571.63s
[Rank 001] Evaluating position 451 ...
[Rank 001] Position 451 finished. Avg time per xtal iter: 0.7902s. Total for position: 573.75s
[Rank 001] Evaluating position 481 ...
[Rank 001] Position 481 finished. Avg time per xtal iter: 0.8169s. Total for position: 593.11s
[Rank 001] Evaluating position 511 ...
[Rank 001] Position 511 finished. Avg time per xtal iter: 0.8149s. Total for position: 591.65s
[Rank 001] Evaluating position 541 ...
[Rank 001] Position 541 finished. Avg time per xtal iter: 0.8125s. Total for position: 589.92s
[Rank 001] Evaluating position 571 ...
[Rank 001] Position 571 finished. Avg time per xtal iter: 0.8183s. Total for position: 594.14s
Rank 11 processing positions: [11, 41, 71]... (total 20)
[Rank 011] Evaluating position 011 ...
[Rank 011] Position 011 finished. Avg time per xtal iter: 0.8665s. Total for position: 629.14s
[Rank 011] Evaluating position 041 ...
[Rank 011] Position 041 finished. Avg time per xtal iter: 0.8050s. Total for position: 584.44s
[Rank 011] Evaluating position 071 ...
[Rank 011] Position 071 finished. Avg time per xtal iter: 0.8062s. Total for position: 585.37s
[Rank 011] Evaluating position 101 ...
[Rank 011] Position 101 finished. Avg time per xtal iter: 0.8071s. Total for position: 585.96s
[Rank 011] Evaluating position 131 ...
[Rank 011] Position 131 finished. Avg time per xtal iter: 0.7706s. Total for position: 559.46s
[Rank 011] Evaluating position 161 ...
[Rank 011] Position 161 finished. Avg time per xtal iter: 0.8076s. Total for position: 586.38s
[Rank 011] Evaluating position 191 ...
[Rank 011] Position 191 finished. Avg time per xtal iter: 0.8157s. Total for position: 592.25s
[Rank 011] Evaluating position 221 ...
[Rank 011] Position 221 finished. Avg time per xtal iter: 0.8055s. Total for position: 584.85s
[Rank 011] Evaluating position 251 ...
[Rank 011] Position 251 finished. Avg time per xtal iter: 0.7994s. Total for position: 580.42s
[Rank 011] Evaluating position 281 ...
[Rank 011] Position 281 finished. Avg time per xtal iter: 0.8219s. Total for position: 596.70s
[Rank 011] Evaluating position 311 ...
[Rank 011] Position 311 finished. Avg time per xtal iter: 0.7724s. Total for position: 560.82s
[Rank 011] Evaluating position 341 ...
[Rank 011] Position 341 finished. Avg time per xtal iter: 0.7614s. Total for position: 552.80s
[Rank 011] Evaluating position 371 ...
[Rank 011] Position 371 finished. Avg time per xtal iter: 0.7855s. Total for position: 570.32s
[Rank 011] Evaluating position 401 ...
[Rank 011] Position 401 finished. Avg time per xtal iter: 0.8009s. Total for position: 581.50s
[Rank 011] Evaluating position 431 ...
[Rank 011] Position 431 finished. Avg time per xtal iter: 0.8272s. Total for position: 600.59s
[Rank 011] Evaluating position 461 ...
[Rank 011] Position 461 finished. Avg time per xtal iter: 0.7719s. Total for position: 560.44s
[Rank 011] Evaluating position 491 ...
[Rank 011] Position 491 finished. Avg time per xtal iter: 0.8047s. Total for position: 584.22s
[Rank 011] Evaluating position 521 ...
[Rank 011] Position 521 finished. Avg time per xtal iter: 0.7664s. Total for position: 556.42s
[Rank 011] Evaluating position 551 ...
[Rank 011] Position 551 finished. Avg time per xtal iter: 0.8232s. Total for position: 597.66s
[Rank 011] Evaluating position 581 ...
[Rank 011] Position 581 finished. Avg time per xtal iter: 0.8326s. Total for position: 604.50s
MPI initialized with 30 processes.
PyTorch threads per MPI process: 8
Total number of positions: 600
Rank 0 processing positions: [0, 30, 60]... (total 20)
[Rank 000] Evaluating position 000 ...
[Rank 000] Position 000 finished. Avg time per xtal iter: 0.8293s. Total for position: 602.17s
[Rank 000] Evaluating position 030 ...
[Rank 000] Position 030 finished. Avg time per xtal iter: 0.8353s. Total for position: 606.50s
[Rank 000] Evaluating position 060 ...
[Rank 000] Position 060 finished. Avg time per xtal iter: 0.8151s. Total for position: 591.86s
[Rank 000] Evaluating position 090 ...
[Rank 000] Position 090 finished. Avg time per xtal iter: 0.8244s. Total for position: 598.59s
[Rank 000] Evaluating position 120 ...
[Rank 000] Position 120 finished. Avg time per xtal iter: 0.7562s. Total for position: 549.04s
[Rank 000] Evaluating position 150 ...
[Rank 000] Position 150 finished. Avg time per xtal iter: 0.7954s. Total for position: 577.52s
[Rank 000] Evaluating position 180 ...
[Rank 000] Position 180 finished. Avg time per xtal iter: 0.7879s. Total for position: 572.05s
[Rank 000] Evaluating position 210 ...
[Rank 000] Position 210 finished. Avg time per xtal iter: 0.8026s. Total for position: 582.79s
[Rank 000] Evaluating position 240 ...
[Rank 000] Position 240 finished. Avg time per xtal iter: 0.7813s. Total for position: 567.27s
[Rank 000] Evaluating position 270 ...
[Rank 000] Position 270 finished. Avg time per xtal iter: 0.8056s. Total for position: 584.95s
[Rank 000] Evaluating position 300 ...
[Rank 000] Position 300 finished. Avg time per xtal iter: 0.7836s. Total for position: 568.99s
[Rank 000] Evaluating position 330 ...
[Rank 000] Position 330 finished. Avg time per xtal iter: 0.8130s. Total for position: 590.33s
[Rank 000] Evaluating position 360 ...
[Rank 000] Position 360 finished. Avg time per xtal iter: 0.7871s. Total for position: 571.48s
[Rank 000] Evaluating position 390 ...
[Rank 000] Position 390 finished. Avg time per xtal iter: 0.8143s. Total for position: 591.22s
[Rank 000] Evaluating position 420 ...
[Rank 000] Position 420 finished. Avg time per xtal iter: 0.7843s. Total for position: 569.49s
[Rank 000] Evaluating position 450 ...
[Rank 000] Position 450 finished. Avg time per xtal iter: 0.8168s. Total for position: 593.09s
[Rank 000] Evaluating position 480 ...
[Rank 000] Position 480 finished. Avg time per xtal iter: 0.8177s. Total for position: 593.73s
[Rank 000] Evaluating position 510 ...
[Rank 000] Position 510 finished. Avg time per xtal iter: 0.8167s. Total for position: 592.97s
[Rank 000] Evaluating position 540 ...
[Rank 000] Position 540 finished. Avg time per xtal iter: 0.7806s. Total for position: 566.79s
[Rank 000] Evaluating position 570 ...
[Rank 000] Position 570 finished. Avg time per xtal iter: 0.8084s. Total for position: 586.96s
All assigned positions processed by all ranks.
Rank 21 processing positions: [21, 51, 81]... (total 20)
[Rank 021] Evaluating position 021 ...
[Rank 021] Position 021 finished. Avg time per xtal iter: 0.6703s. Total for position: 486.68s
[Rank 021] Evaluating position 051 ...
[Rank 021] Position 051 finished. Avg time per xtal iter: 0.6679s. Total for position: 484.93s
[Rank 021] Evaluating position 081 ...
[Rank 021] Position 081 finished. Avg time per xtal iter: 0.7061s. Total for position: 512.67s
[Rank 021] Evaluating position 111 ...
[Rank 021] Position 111 finished. Avg time per xtal iter: 0.8181s. Total for position: 593.94s
[Rank 021] Evaluating position 141 ...
[Rank 021] Position 141 finished. Avg time per xtal iter: 0.9427s. Total for position: 684.43s
[Rank 021] Evaluating position 171 ...
[Rank 021] Position 171 finished. Avg time per xtal iter: 0.9094s. Total for position: 660.28s
[Rank 021] Evaluating position 201 ...
[Rank 021] Position 201 finished. Avg time per xtal iter: 0.8841s. Total for position: 641.92s
[Rank 021] Evaluating position 231 ...
[Rank 021] Position 231 finished. Avg time per xtal iter: 0.8785s. Total for position: 637.80s
[Rank 021] Evaluating position 261 ...
[Rank 021] Position 261 finished. Avg time per xtal iter: 0.8553s. Total for position: 621.01s
[Rank 021] Evaluating position 291 ...
[Rank 021] Position 291 finished. Avg time per xtal iter: 0.8383s. Total for position: 608.62s
[Rank 021] Evaluating position 321 ...
[Rank 021] Position 321 finished. Avg time per xtal iter: 0.8220s. Total for position: 596.79s
[Rank 021] Evaluating position 351 ...
[Rank 021] Position 351 finished. Avg time per xtal iter: 0.8114s. Total for position: 589.12s
[Rank 021] Evaluating position 381 ...
[Rank 021] Position 381 finished. Avg time per xtal iter: 0.7939s. Total for position: 576.40s
[Rank 021] Evaluating position 411 ...
[Rank 021] Position 411 finished. Avg time per xtal iter: 0.7903s. Total for position: 573.78s
[Rank 021] Evaluating position 441 ...
[Rank 021] Position 441 finished. Avg time per xtal iter: 0.7899s. Total for position: 573.52s
[Rank 021] Evaluating position 471 ...
[Rank 021] Position 471 finished. Avg time per xtal iter: 0.7904s. Total for position: 573.87s
[Rank 021] Evaluating position 501 ...
[Rank 021] Position 501 finished. Avg time per xtal iter: 0.7923s. Total for position: 575.26s
[Rank 021] Evaluating position 531 ...
[Rank 021] Position 531 finished. Avg time per xtal iter: 0.7860s. Total for position: 570.68s
[Rank 021] Evaluating position 561 ...
[Rank 021] Position 561 finished. Avg time per xtal iter: 0.7892s. Total for position: 572.98s
[Rank 021] Evaluating position 591 ...
[Rank 021] Position 591 finished. Avg time per xtal iter: 0.7950s. Total for position: 577.21s
Rank 22 processing positions: [22, 52, 82]... (total 20)
[Rank 022] Evaluating position 022 ...
[Rank 022] Position 022 finished. Avg time per xtal iter: 0.7452s. Total for position: 541.03s
[Rank 022] Evaluating position 052 ...
[Rank 022] Position 052 finished. Avg time per xtal iter: 0.8063s. Total for position: 585.43s
[Rank 022] Evaluating position 082 ...
[Rank 022] Position 082 finished. Avg time per xtal iter: 0.8662s. Total for position: 628.87s
[Rank 022] Evaluating position 112 ...
[Rank 022] Position 112 finished. Avg time per xtal iter: 0.8314s. Total for position: 603.60s
[Rank 022] Evaluating position 142 ...
[Rank 022] Position 142 finished. Avg time per xtal iter: 0.8219s. Total for position: 596.71s
[Rank 022] Evaluating position 172 ...
[Rank 022] Position 172 finished. Avg time per xtal iter: 0.8069s. Total for position: 585.88s
[Rank 022] Evaluating position 202 ...
[Rank 022] Position 202 finished. Avg time per xtal iter: 0.8190s. Total for position: 594.61s
[Rank 022] Evaluating position 232 ...
[Rank 022] Position 232 finished. Avg time per xtal iter: 0.7904s. Total for position: 573.90s
[Rank 022] Evaluating position 262 ...
[Rank 022] Position 262 finished. Avg time per xtal iter: 0.8058s. Total for position: 585.08s
[Rank 022] Evaluating position 292 ...
[Rank 022] Position 292 finished. Avg time per xtal iter: 0.8235s. Total for position: 597.92s
[Rank 022] Evaluating position 322 ...
[Rank 022] Position 322 finished. Avg time per xtal iter: 0.8394s. Total for position: 609.45s
[Rank 022] Evaluating position 352 ...
[Rank 022] Position 352 finished. Avg time per xtal iter: 0.8087s. Total for position: 587.14s
[Rank 022] Evaluating position 382 ...
[Rank 022] Position 382 finished. Avg time per xtal iter: 0.7970s. Total for position: 578.69s
[Rank 022] Evaluating position 412 ...
[Rank 022] Position 412 finished. Avg time per xtal iter: 0.7798s. Total for position: 566.15s
[Rank 022] Evaluating position 442 ...
[Rank 022] Position 442 finished. Avg time per xtal iter: 0.8116s. Total for position: 589.24s
[Rank 022] Evaluating position 472 ...
[Rank 022] Position 472 finished. Avg time per xtal iter: 0.8214s. Total for position: 596.37s
[Rank 022] Evaluating position 502 ...
[Rank 022] Position 502 finished. Avg time per xtal iter: 0.8314s. Total for position: 603.61s
[Rank 022] Evaluating position 532 ...
[Rank 022] Position 532 finished. Avg time per xtal iter: 0.8034s. Total for position: 583.27s
[Rank 022] Evaluating position 562 ...
[Rank 022] Position 562 finished. Avg time per xtal iter: 0.8032s. Total for position: 583.14s
[Rank 022] Evaluating position 592 ...
[Rank 022] Position 592 finished. Avg time per xtal iter: 0.7924s. Total for position: 575.32s
Rank 26 processing positions: [26, 56, 86]... (total 20)
[Rank 026] Evaluating position 026 ...
[Rank 026] Position 026 finished. Avg time per xtal iter: 0.7992s. Total for position: 580.26s
[Rank 026] Evaluating position 056 ...
[Rank 026] Position 056 finished. Avg time per xtal iter: 0.8541s. Total for position: 620.10s
[Rank 026] Evaluating position 086 ...
[Rank 026] Position 086 finished. Avg time per xtal iter: 0.8902s. Total for position: 646.32s
[Rank 026] Evaluating position 116 ...
[Rank 026] Position 116 finished. Avg time per xtal iter: 0.8176s. Total for position: 593.63s
[Rank 026] Evaluating position 146 ...
[Rank 026] Position 146 finished. Avg time per xtal iter: 0.8032s. Total for position: 583.17s
[Rank 026] Evaluating position 176 ...
[Rank 026] Position 176 finished. Avg time per xtal iter: 0.7948s. Total for position: 577.06s
[Rank 026] Evaluating position 206 ...
[Rank 026] Position 206 finished. Avg time per xtal iter: 0.8197s. Total for position: 595.13s
[Rank 026] Evaluating position 236 ...
[Rank 026] Position 236 finished. Avg time per xtal iter: 0.8002s. Total for position: 580.95s
[Rank 026] Evaluating position 266 ...
[Rank 026] Position 266 finished. Avg time per xtal iter: 0.8038s. Total for position: 583.60s
[Rank 026] Evaluating position 296 ...
[Rank 026] Position 296 finished. Avg time per xtal iter: 0.7967s. Total for position: 578.45s
[Rank 026] Evaluating position 326 ...
[Rank 026] Position 326 finished. Avg time per xtal iter: 0.8665s. Total for position: 629.14s
[Rank 026] Evaluating position 356 ...
[Rank 026] Position 356 finished. Avg time per xtal iter: 0.8445s. Total for position: 613.12s
[Rank 026] Evaluating position 386 ...
[Rank 026] Position 386 finished. Avg time per xtal iter: 0.8255s. Total for position: 599.36s
[Rank 026] Evaluating position 416 ...
[Rank 026] Position 416 finished. Avg time per xtal iter: 0.7978s. Total for position: 579.22s
[Rank 026] Evaluating position 446 ...
[Rank 026] Position 446 finished. Avg time per xtal iter: 0.8106s. Total for position: 588.53s
[Rank 026] Evaluating position 476 ...
[Rank 026] Position 476 finished. Avg time per xtal iter: 0.8052s. Total for position: 584.63s
[Rank 026] Evaluating position 506 ...
[Rank 026] Position 506 finished. Avg time per xtal iter: 0.8303s. Total for position: 602.85s
[Rank 026] Evaluating position 536 ...
[Rank 026] Position 536 finished. Avg time per xtal iter: 0.8406s. Total for position: 610.32s
[Rank 026] Evaluating position 566 ...
[Rank 026] Position 566 finished. Avg time per xtal iter: 0.8575s. Total for position: 622.59s
[Rank 026] Evaluating position 596 ...
[Rank 026] Position 596 finished. Avg time per xtal iter: 0.8078s. Total for position: 586.51s
Rank 16 processing positions: [16, 46, 76]... (total 20)
[Rank 016] Evaluating position 016 ...
[Rank 016] Position 016 finished. Avg time per xtal iter: 0.7852s. Total for position: 570.13s
[Rank 016] Evaluating position 046 ...
[Rank 016] Position 046 finished. Avg time per xtal iter: 1.0255s. Total for position: 744.60s
[Rank 016] Evaluating position 076 ...
[Rank 016] Position 076 finished. Avg time per xtal iter: 1.0980s. Total for position: 797.17s
[Rank 016] Evaluating position 106 ...
[Rank 016] Position 106 finished. Avg time per xtal iter: 1.1193s. Total for position: 812.70s
[Rank 016] Evaluating position 136 ...
[Rank 016] Position 136 finished. Avg time per xtal iter: 0.9989s. Total for position: 725.25s
[Rank 016] Evaluating position 166 ...
[Rank 016] Position 166 finished. Avg time per xtal iter: 0.8807s. Total for position: 639.45s
[Rank 016] Evaluating position 196 ...
[Rank 016] Position 196 finished. Avg time per xtal iter: 0.8280s. Total for position: 601.18s
[Rank 016] Evaluating position 226 ...
[Rank 016] Position 226 finished. Avg time per xtal iter: 0.8255s. Total for position: 599.34s
[Rank 016] Evaluating position 256 ...
[Rank 016] Position 256 finished. Avg time per xtal iter: 0.7591s. Total for position: 551.19s
[Rank 016] Evaluating position 286 ...
[Rank 016] Position 286 finished. Avg time per xtal iter: 0.7582s. Total for position: 550.47s
[Rank 016] Evaluating position 316 ...
[Rank 016] Position 316 finished. Avg time per xtal iter: 0.7459s. Total for position: 541.58s
[Rank 016] Evaluating position 346 ...
[Rank 016] Position 346 finished. Avg time per xtal iter: 0.7798s. Total for position: 566.20s
[Rank 016] Evaluating position 376 ...
[Rank 016] Position 376 finished. Avg time per xtal iter: 0.7733s. Total for position: 561.47s
[Rank 016] Evaluating position 406 ...
[Rank 016] Position 406 finished. Avg time per xtal iter: 0.7399s. Total for position: 537.23s
[Rank 016] Evaluating position 436 ...
[Rank 016] Position 436 finished. Avg time per xtal iter: 0.7069s. Total for position: 513.24s
[Rank 016] Evaluating position 466 ...
[Rank 016] Position 466 finished. Avg time per xtal iter: 0.7156s. Total for position: 519.56s
[Rank 016] Evaluating position 496 ...
[Rank 016] Position 496 finished. Avg time per xtal iter: 0.7197s. Total for position: 522.58s
[Rank 016] Evaluating position 526 ...
[Rank 016] Position 526 finished. Avg time per xtal iter: 0.7136s. Total for position: 518.13s
[Rank 016] Evaluating position 556 ...
[Rank 016] Position 556 finished. Avg time per xtal iter: 0.7451s. Total for position: 540.99s
[Rank 016] Evaluating position 586 ...
[Rank 016] Position 586 finished. Avg time per xtal iter: 0.7701s. Total for position: 559.16s
Rank 15 processing positions: [15, 45, 75]... (total 20)
[Rank 015] Evaluating position 015 ...
[Rank 015] Position 015 finished. Avg time per xtal iter: 0.8284s. Total for position: 601.46s
[Rank 015] Evaluating position 045 ...
[Rank 015] Position 045 finished. Avg time per xtal iter: 1.0453s. Total for position: 758.93s
[Rank 015] Evaluating position 075 ...
[Rank 015] Position 075 finished. Avg time per xtal iter: 1.1212s. Total for position: 814.02s
[Rank 015] Evaluating position 105 ...
[Rank 015] Position 105 finished. Avg time per xtal iter: 1.1447s. Total for position: 831.13s
[Rank 015] Evaluating position 135 ...
[Rank 015] Position 135 finished. Avg time per xtal iter: 1.0107s. Total for position: 733.84s
[Rank 015] Evaluating position 165 ...
[Rank 015] Position 165 finished. Avg time per xtal iter: 0.8787s. Total for position: 638.00s
[Rank 015] Evaluating position 195 ...
[Rank 015] Position 195 finished. Avg time per xtal iter: 0.8337s. Total for position: 605.32s
[Rank 015] Evaluating position 225 ...
[Rank 015] Position 225 finished. Avg time per xtal iter: 0.8242s. Total for position: 598.40s
[Rank 015] Evaluating position 255 ...
[Rank 015] Position 255 finished. Avg time per xtal iter: 0.7713s. Total for position: 560.01s
[Rank 015] Evaluating position 285 ...
[Rank 015] Position 285 finished. Avg time per xtal iter: 0.7713s. Total for position: 560.02s
[Rank 015] Evaluating position 315 ...
[Rank 015] Position 315 finished. Avg time per xtal iter: 0.7543s. Total for position: 547.67s
[Rank 015] Evaluating position 345 ...
[Rank 015] Position 345 finished. Avg time per xtal iter: 0.8003s. Total for position: 581.05s
[Rank 015] Evaluating position 375 ...
[Rank 015] Position 375 finished. Avg time per xtal iter: 0.7801s. Total for position: 566.44s
[Rank 015] Evaluating position 405 ...
[Rank 015] Position 405 finished. Avg time per xtal iter: 0.7288s. Total for position: 529.19s
[Rank 015] Evaluating position 435 ...
[Rank 015] Position 435 finished. Avg time per xtal iter: 0.7253s. Total for position: 526.64s
[Rank 015] Evaluating position 465 ...
[Rank 015] Position 465 finished. Avg time per xtal iter: 0.7256s. Total for position: 526.85s
[Rank 015] Evaluating position 495 ...
[Rank 015] Position 495 finished. Avg time per xtal iter: 0.7277s. Total for position: 528.40s
[Rank 015] Evaluating position 525 ...
[Rank 015] Position 525 finished. Avg time per xtal iter: 0.7256s. Total for position: 526.86s
[Rank 015] Evaluating position 555 ...
[Rank 015] Position 555 finished. Avg time per xtal iter: 0.7738s. Total for position: 561.83s
[Rank 015] Evaluating position 585 ...
[Rank 015] Position 585 finished. Avg time per xtal iter: 0.7305s. Total for position: 530.39s
Rank 12 processing positions: [12, 42, 72]... (total 20)
[Rank 012] Evaluating position 012 ...
[Rank 012] Position 012 finished. Avg time per xtal iter: 0.8262s. Total for position: 599.84s
[Rank 012] Evaluating position 042 ...
[Rank 012] Position 042 finished. Avg time per xtal iter: 0.9308s. Total for position: 675.81s
[Rank 012] Evaluating position 072 ...
[Rank 012] Position 072 finished. Avg time per xtal iter: 0.9325s. Total for position: 677.05s
[Rank 012] Evaluating position 102 ...
[Rank 012] Position 102 finished. Avg time per xtal iter: 0.9554s. Total for position: 693.69s
[Rank 012] Evaluating position 132 ...
[Rank 012] Position 132 finished. Avg time per xtal iter: 0.9273s. Total for position: 673.27s
[Rank 012] Evaluating position 162 ...
[Rank 012] Position 162 finished. Avg time per xtal iter: 0.8973s. Total for position: 651.51s
[Rank 012] Evaluating position 192 ...
[Rank 012] Position 192 finished. Avg time per xtal iter: 0.8603s. Total for position: 624.64s
[Rank 012] Evaluating position 222 ...
[Rank 012] Position 222 finished. Avg time per xtal iter: 0.8345s. Total for position: 605.87s
[Rank 012] Evaluating position 252 ...
[Rank 012] Position 252 finished. Avg time per xtal iter: 0.8224s. Total for position: 597.14s
[Rank 012] Evaluating position 282 ...
[Rank 012] Position 282 finished. Avg time per xtal iter: 0.8044s. Total for position: 584.05s
[Rank 012] Evaluating position 312 ...
[Rank 012] Position 312 finished. Avg time per xtal iter: 0.8040s. Total for position: 583.75s
[Rank 012] Evaluating position 342 ...
[Rank 012] Position 342 finished. Avg time per xtal iter: 0.8110s. Total for position: 588.86s
[Rank 012] Evaluating position 372 ...
[Rank 012] Position 372 finished. Avg time per xtal iter: 0.8180s. Total for position: 593.96s
[Rank 012] Evaluating position 402 ...
[Rank 012] Position 402 finished. Avg time per xtal iter: 0.7994s. Total for position: 580.42s
[Rank 012] Evaluating position 432 ...
[Rank 012] Position 432 finished. Avg time per xtal iter: 0.7638s. Total for position: 554.60s
[Rank 012] Evaluating position 462 ...
[Rank 012] Position 462 finished. Avg time per xtal iter: 0.7824s. Total for position: 568.09s
[Rank 012] Evaluating position 492 ...
[Rank 012] Position 492 finished. Avg time per xtal iter: 0.7757s. Total for position: 563.19s
[Rank 012] Evaluating position 522 ...
[Rank 012] Position 522 finished. Avg time per xtal iter: 0.7853s. Total for position: 570.21s
[Rank 012] Evaluating position 552 ...
[Rank 012] Position 552 finished. Avg time per xtal iter: 0.8102s. Total for position: 588.25s
[Rank 012] Evaluating position 582 ...
[Rank 012] Position 582 finished. Avg time per xtal iter: 0.7978s. Total for position: 579.29s
Rank 7 processing positions: [7, 37, 67]... (total 20)
[Rank 007] Evaluating position 007 ...
[Rank 007] Position 007 finished. Avg time per xtal iter: 0.8472s. Total for position: 615.12s
[Rank 007] Evaluating position 037 ...
[Rank 007] Position 037 finished. Avg time per xtal iter: 0.8111s. Total for position: 588.96s
[Rank 007] Evaluating position 067 ...
[Rank 007] Position 067 finished. Avg time per xtal iter: 0.8050s. Total for position: 584.49s
[Rank 007] Evaluating position 097 ...
[Rank 007] Position 097 finished. Avg time per xtal iter: 0.8085s. Total for position: 587.06s
[Rank 007] Evaluating position 127 ...
[Rank 007] Position 127 finished. Avg time per xtal iter: 0.7521s. Total for position: 546.11s
[Rank 007] Evaluating position 157 ...
[Rank 007] Position 157 finished. Avg time per xtal iter: 0.7710s. Total for position: 559.83s
[Rank 007] Evaluating position 187 ...
[Rank 007] Position 187 finished. Avg time per xtal iter: 0.7692s. Total for position: 558.51s
[Rank 007] Evaluating position 217 ...
[Rank 007] Position 217 finished. Avg time per xtal iter: 0.7681s. Total for position: 557.74s
[Rank 007] Evaluating position 247 ...
[Rank 007] Position 247 finished. Avg time per xtal iter: 0.7563s. Total for position: 549.15s
[Rank 007] Evaluating position 277 ...
[Rank 007] Position 277 finished. Avg time per xtal iter: 0.7508s. Total for position: 545.14s
[Rank 007] Evaluating position 307 ...
[Rank 007] Position 307 finished. Avg time per xtal iter: 0.7375s. Total for position: 535.52s
[Rank 007] Evaluating position 337 ...
[Rank 007] Position 337 finished. Avg time per xtal iter: 0.7503s. Total for position: 544.80s
[Rank 007] Evaluating position 367 ...
[Rank 007] Position 367 finished. Avg time per xtal iter: 0.7404s. Total for position: 537.57s
[Rank 007] Evaluating position 397 ...
[Rank 007] Position 397 finished. Avg time per xtal iter: 0.7396s. Total for position: 537.02s
[Rank 007] Evaluating position 427 ...
[Rank 007] Position 427 finished. Avg time per xtal iter: 0.7599s. Total for position: 551.75s
[Rank 007] Evaluating position 457 ...
[Rank 007] Position 457 finished. Avg time per xtal iter: 0.8461s. Total for position: 614.34s
[Rank 007] Evaluating position 487 ...
[Rank 007] Position 487 finished. Avg time per xtal iter: 1.0703s. Total for position: 777.10s
[Rank 007] Evaluating position 517 ...
[Rank 007] Position 517 finished. Avg time per xtal iter: 1.1218s. Total for position: 814.46s
[Rank 007] Evaluating position 547 ...
[Rank 007] Position 547 finished. Avg time per xtal iter: 1.0891s. Total for position: 790.78s
[Rank 007] Evaluating position 577 ...
[Rank 007] Position 577 finished. Avg time per xtal iter: 1.1131s. Total for position: 808.17s
Rank 13 processing positions: [13, 43, 73]... (total 20)
[Rank 013] Evaluating position 013 ...
[Rank 013] Position 013 finished. Avg time per xtal iter: 0.8321s. Total for position: 604.14s
[Rank 013] Evaluating position 043 ...
[Rank 013] Position 043 finished. Avg time per xtal iter: 0.9308s. Total for position: 675.84s
[Rank 013] Evaluating position 073 ...
[Rank 013] Position 073 finished. Avg time per xtal iter: 0.9470s. Total for position: 687.60s
[Rank 013] Evaluating position 103 ...
[Rank 013] Position 103 finished. Avg time per xtal iter: 0.9415s. Total for position: 683.61s
[Rank 013] Evaluating position 133 ...
[Rank 013] Position 133 finished. Avg time per xtal iter: 0.9469s. Total for position: 687.54s
[Rank 013] Evaluating position 163 ...
[Rank 013] Position 163 finished. Avg time per xtal iter: 0.8892s. Total for position: 645.64s
[Rank 013] Evaluating position 193 ...
[Rank 013] Position 193 finished. Avg time per xtal iter: 0.8688s. Total for position: 630.79s
[Rank 013] Evaluating position 223 ...
[Rank 013] Position 223 finished. Avg time per xtal iter: 0.8349s. Total for position: 606.16s
[Rank 013] Evaluating position 253 ...
[Rank 013] Position 253 finished. Avg time per xtal iter: 0.8292s. Total for position: 602.06s
[Rank 013] Evaluating position 283 ...
[Rank 013] Position 283 finished. Avg time per xtal iter: 0.8040s. Total for position: 583.74s
[Rank 013] Evaluating position 313 ...
[Rank 013] Position 313 finished. Avg time per xtal iter: 0.8131s. Total for position: 590.33s
[Rank 013] Evaluating position 343 ...
[Rank 013] Position 343 finished. Avg time per xtal iter: 0.8107s. Total for position: 588.60s
[Rank 013] Evaluating position 373 ...
[Rank 013] Position 373 finished. Avg time per xtal iter: 0.8301s. Total for position: 602.68s
[Rank 013] Evaluating position 403 ...
[Rank 013] Position 403 finished. Avg time per xtal iter: 0.7922s. Total for position: 575.17s
[Rank 013] Evaluating position 433 ...
[Rank 013] Position 433 finished. Avg time per xtal iter: 0.7820s. Total for position: 567.77s
[Rank 013] Evaluating position 463 ...
[Rank 013] Position 463 finished. Avg time per xtal iter: 0.7832s. Total for position: 568.68s
[Rank 013] Evaluating position 493 ...
[Rank 013] Position 493 finished. Avg time per xtal iter: 0.7949s. Total for position: 577.17s
[Rank 013] Evaluating position 523 ...
[Rank 013] Position 523 finished. Avg time per xtal iter: 0.7838s. Total for position: 569.08s
[Rank 013] Evaluating position 553 ...
[Rank 013] Position 553 finished. Avg time per xtal iter: 0.8272s. Total for position: 600.62s
[Rank 013] Evaluating position 583 ...
[Rank 013] Position 583 finished. Avg time per xtal iter: 0.7979s. Total for position: 579.33s
Rank 24 processing positions: [24, 54, 84]... (total 20)
[Rank 024] Evaluating position 024 ...
[Rank 024] Position 024 finished. Avg time per xtal iter: 0.8261s. Total for position: 599.81s
[Rank 024] Evaluating position 054 ...
[Rank 024] Position 054 finished. Avg time per xtal iter: 0.8589s. Total for position: 623.57s
[Rank 024] Evaluating position 084 ...
[Rank 024] Position 084 finished. Avg time per xtal iter: 0.8492s. Total for position: 616.58s
[Rank 024] Evaluating position 114 ...
[Rank 024] Position 114 finished. Avg time per xtal iter: 0.8689s. Total for position: 630.86s
[Rank 024] Evaluating position 144 ...
[Rank 024] Position 144 finished. Avg time per xtal iter: 0.8518s. Total for position: 618.45s
[Rank 024] Evaluating position 174 ...
[Rank 024] Position 174 finished. Avg time per xtal iter: 0.8626s. Total for position: 626.31s
[Rank 024] Evaluating position 204 ...
[Rank 024] Position 204 finished. Avg time per xtal iter: 0.8488s. Total for position: 616.28s
[Rank 024] Evaluating position 234 ...
[Rank 024] Position 234 finished. Avg time per xtal iter: 0.8630s. Total for position: 626.59s
[Rank 024] Evaluating position 264 ...
[Rank 024] Position 264 finished. Avg time per xtal iter: 0.8493s. Total for position: 616.63s
[Rank 024] Evaluating position 294 ...
[Rank 024] Position 294 finished. Avg time per xtal iter: 0.8624s. Total for position: 626.13s
[Rank 024] Evaluating position 324 ...
[Rank 024] Position 324 finished. Avg time per xtal iter: 0.8489s. Total for position: 616.34s
[Rank 024] Evaluating position 354 ...
[Rank 024] Position 354 finished. Avg time per xtal iter: 0.8593s. Total for position: 623.89s
[Rank 024] Evaluating position 384 ...
[Rank 024] Position 384 finished. Avg time per xtal iter: 0.8471s. Total for position: 615.05s
[Rank 024] Evaluating position 414 ...
[Rank 024] Position 414 finished. Avg time per xtal iter: 0.8595s. Total for position: 624.05s
[Rank 024] Evaluating position 444 ...
[Rank 024] Position 444 finished. Avg time per xtal iter: 0.8430s. Total for position: 612.09s
[Rank 024] Evaluating position 474 ...
[Rank 024] Position 474 finished. Avg time per xtal iter: 0.8592s. Total for position: 623.83s
[Rank 024] Evaluating position 504 ...
[Rank 024] Position 504 finished. Avg time per xtal iter: 0.8468s. Total for position: 614.84s
[Rank 024] Evaluating position 534 ...
[Rank 024] Position 534 finished. Avg time per xtal iter: 0.8608s. Total for position: 624.94s
[Rank 024] Evaluating position 564 ...
[Rank 024] Position 564 finished. Avg time per xtal iter: 0.8455s. Total for position: 613.85s
[Rank 024] Evaluating position 594 ...
[Rank 024] Position 594 finished. Avg time per xtal iter: 0.8591s. Total for position: 623.72s
Rank 23 processing positions: [23, 53, 83]... (total 20)
[Rank 023] Evaluating position 023 ...
[Rank 023] Position 023 finished. Avg time per xtal iter: 0.8533s. Total for position: 619.53s
[Rank 023] Evaluating position 053 ...
[Rank 023] Position 053 finished. Avg time per xtal iter: 0.9274s. Total for position: 673.33s
[Rank 023] Evaluating position 083 ...
[Rank 023] Position 083 finished. Avg time per xtal iter: 0.9233s. Total for position: 670.39s
[Rank 023] Evaluating position 113 ...
[Rank 023] Position 113 finished. Avg time per xtal iter: 0.8872s. Total for position: 644.17s
[Rank 023] Evaluating position 143 ...
[Rank 023] Position 143 finished. Avg time per xtal iter: 0.7565s. Total for position: 549.24s
[Rank 023] Evaluating position 173 ...
[Rank 023] Position 173 finished. Avg time per xtal iter: 0.7540s. Total for position: 547.44s
[Rank 023] Evaluating position 203 ...
[Rank 023] Position 203 finished. Avg time per xtal iter: 0.8798s. Total for position: 638.80s
[Rank 023] Evaluating position 233 ...
[Rank 023] Position 233 finished. Avg time per xtal iter: 0.8625s. Total for position: 626.22s
[Rank 023] Evaluating position 263 ...
[Rank 023] Position 263 finished. Avg time per xtal iter: 0.8827s. Total for position: 640.86s
[Rank 023] Evaluating position 293 ...
[Rank 023] Position 293 finished. Avg time per xtal iter: 0.8590s. Total for position: 623.70s
[Rank 023] Evaluating position 323 ...
[Rank 023] Position 323 finished. Avg time per xtal iter: 0.9101s. Total for position: 660.80s
[Rank 023] Evaluating position 353 ...
[Rank 023] Position 353 finished. Avg time per xtal iter: 0.9449s. Total for position: 686.03s
[Rank 023] Evaluating position 383 ...
[Rank 023] Position 383 finished. Avg time per xtal iter: 0.8851s. Total for position: 642.63s
[Rank 023] Evaluating position 413 ...
[Rank 023] Position 413 finished. Avg time per xtal iter: 0.8103s. Total for position: 588.32s
[Rank 023] Evaluating position 443 ...
[Rank 023] Position 443 finished. Avg time per xtal iter: 0.8688s. Total for position: 630.80s
[Rank 023] Evaluating position 473 ...
[Rank 023] Position 473 finished. Avg time per xtal iter: 0.8611s. Total for position: 625.17s
[Rank 023] Evaluating position 503 ...
[Rank 023] Position 503 finished. Avg time per xtal iter: 0.8450s. Total for position: 613.54s
[Rank 023] Evaluating position 533 ...
[Rank 023] Position 533 finished. Avg time per xtal iter: 0.8325s. Total for position: 604.46s
[Rank 023] Evaluating position 563 ...
[Rank 023] Position 563 finished. Avg time per xtal iter: 0.9680s. Total for position: 702.78s
[Rank 023] Evaluating position 593 ...
[Rank 023] Position 593 finished. Avg time per xtal iter: 0.9426s. Total for position: 684.34s
Rank 6 processing positions: [6, 36, 66]... (total 20)
[Rank 006] Evaluating position 006 ...
[Rank 006] Position 006 finished. Avg time per xtal iter: 0.8719s. Total for position: 633.16s
[Rank 006] Evaluating position 036 ...
[Rank 006] Position 036 finished. Avg time per xtal iter: 1.0305s. Total for position: 748.27s
[Rank 006] Evaluating position 066 ...
[Rank 006] Position 066 finished. Avg time per xtal iter: 1.1392s. Total for position: 827.17s
[Rank 006] Evaluating position 096 ...
[Rank 006] Position 096 finished. Avg time per xtal iter: 1.0085s. Total for position: 732.26s
[Rank 006] Evaluating position 126 ...
[Rank 006] Position 126 finished. Avg time per xtal iter: 1.0255s. Total for position: 744.63s
[Rank 006] Evaluating position 156 ...
[Rank 006] Position 156 finished. Avg time per xtal iter: 0.9389s. Total for position: 681.77s
[Rank 006] Evaluating position 186 ...
[Rank 006] Position 186 finished. Avg time per xtal iter: 1.1054s. Total for position: 802.66s
[Rank 006] Evaluating position 216 ...
[Rank 006] Position 216 finished. Avg time per xtal iter: 0.9060s. Total for position: 657.84s
[Rank 006] Evaluating position 246 ...
[Rank 006] Position 246 finished. Avg time per xtal iter: 1.0389s. Total for position: 754.33s
[Rank 006] Evaluating position 276 ...
[Rank 006] Position 276 finished. Avg time per xtal iter: 0.9806s. Total for position: 711.99s
[Rank 006] Evaluating position 306 ...
[Rank 006] Position 306 finished. Avg time per xtal iter: 0.9631s. Total for position: 699.34s
[Rank 006] Evaluating position 336 ...
[Rank 006] Position 336 finished. Avg time per xtal iter: 1.0002s. Total for position: 726.25s
[Rank 006] Evaluating position 366 ...
[Rank 006] Position 366 finished. Avg time per xtal iter: 1.0157s. Total for position: 737.54s
[Rank 006] Evaluating position 396 ...
[Rank 006] Position 396 finished. Avg time per xtal iter: 0.9426s. Total for position: 684.44s
[Rank 006] Evaluating position 426 ...
[Rank 006] Position 426 finished. Avg time per xtal iter: 0.9944s. Total for position: 722.06s
[Rank 006] Evaluating position 456 ...
[Rank 006] Position 456 finished. Avg time per xtal iter: 0.9579s. Total for position: 695.57s
[Rank 006] Evaluating position 486 ...
[Rank 006] Position 486 finished. Avg time per xtal iter: 0.8679s. Total for position: 630.19s
[Rank 006] Evaluating position 516 ...
[Rank 006] Position 516 finished. Avg time per xtal iter: 0.8856s. Total for position: 643.05s
[Rank 006] Evaluating position 546 ...
[Rank 006] Position 546 finished. Avg time per xtal iter: 0.8122s. Total for position: 589.75s
[Rank 006] Evaluating position 576 ...
[Rank 006] Position 576 finished. Avg time per xtal iter: 0.8468s. Total for position: 614.87s
Rank 4 processing positions: [4, 34, 64]... (total 20)
[Rank 004] Evaluating position 004 ...
[Rank 004] Position 004 finished. Avg time per xtal iter: 0.8448s. Total for position: 613.43s
[Rank 004] Evaluating position 034 ...
[Rank 004] Position 034 finished. Avg time per xtal iter: 0.8104s. Total for position: 588.45s
[Rank 004] Evaluating position 064 ...
[Rank 004] Position 064 finished. Avg time per xtal iter: 0.7764s. Total for position: 563.74s
[Rank 004] Evaluating position 094 ...
[Rank 004] Position 094 finished. Avg time per xtal iter: 0.7913s. Total for position: 574.54s
[Rank 004] Evaluating position 124 ...
[Rank 004] Position 124 finished. Avg time per xtal iter: 0.7983s. Total for position: 579.61s
[Rank 004] Evaluating position 154 ...
[Rank 004] Position 154 finished. Avg time per xtal iter: 0.9127s. Total for position: 662.65s
[Rank 004] Evaluating position 184 ...
[Rank 004] Position 184 finished. Avg time per xtal iter: 1.0170s. Total for position: 738.39s
[Rank 004] Evaluating position 214 ...
[Rank 004] Position 214 finished. Avg time per xtal iter: 1.1320s. Total for position: 821.88s
[Rank 004] Evaluating position 244 ...
[Rank 004] Position 244 finished. Avg time per xtal iter: 1.0754s. Total for position: 780.79s
[Rank 004] Evaluating position 274 ...
[Rank 004] Position 274 finished. Avg time per xtal iter: 1.1116s. Total for position: 807.06s
[Rank 004] Evaluating position 304 ...
[Rank 004] Position 304 finished. Avg time per xtal iter: 1.0653s. Total for position: 773.47s
[Rank 004] Evaluating position 334 ...
[Rank 004] Position 334 finished. Avg time per xtal iter: 1.0693s. Total for position: 776.38s
[Rank 004] Evaluating position 364 ...
[Rank 004] Position 364 finished. Avg time per xtal iter: 1.0182s. Total for position: 739.27s
[Rank 004] Evaluating position 394 ...
[Rank 004] Position 394 finished. Avg time per xtal iter: 1.0366s. Total for position: 752.64s
[Rank 004] Evaluating position 424 ...
[Rank 004] Position 424 finished. Avg time per xtal iter: 1.0650s. Total for position: 773.29s
[Rank 004] Evaluating position 454 ...
[Rank 004] Position 454 finished. Avg time per xtal iter: 1.0643s. Total for position: 772.74s
[Rank 004] Evaluating position 484 ...
[Rank 004] Position 484 finished. Avg time per xtal iter: 1.0582s. Total for position: 768.35s
[Rank 004] Evaluating position 514 ...
[Rank 004] Position 514 finished. Avg time per xtal iter: 1.1197s. Total for position: 812.98s
[Rank 004] Evaluating position 544 ...
[Rank 004] Position 544 finished. Avg time per xtal iter: 1.0357s. Total for position: 752.00s
[Rank 004] Evaluating position 574 ...
[Rank 004] Position 574 finished. Avg time per xtal iter: 1.0633s. Total for position: 772.01s
Rank 28 processing positions: [28, 58, 88]... (total 20)
[Rank 028] Evaluating position 028 ...
[Rank 028] Position 028 finished. Avg time per xtal iter: 0.8397s. Total for position: 609.69s
[Rank 028] Evaluating position 058 ...
[Rank 028] Position 058 finished. Avg time per xtal iter: 0.8227s. Total for position: 597.32s
[Rank 028] Evaluating position 088 ...
[Rank 028] Position 088 finished. Avg time per xtal iter: 0.7994s. Total for position: 580.42s
[Rank 028] Evaluating position 118 ...
[Rank 028] Position 118 finished. Avg time per xtal iter: 0.9428s. Total for position: 684.52s
[Rank 028] Evaluating position 148 ...
[Rank 028] Position 148 finished. Avg time per xtal iter: 1.0922s. Total for position: 793.00s
[Rank 028] Evaluating position 178 ...
[Rank 028] Position 178 finished. Avg time per xtal iter: 1.1225s. Total for position: 814.96s
[Rank 028] Evaluating position 208 ...
[Rank 028] Position 208 finished. Avg time per xtal iter: 1.1152s. Total for position: 809.70s
[Rank 028] Evaluating position 238 ...
[Rank 028] Position 238 finished. Avg time per xtal iter: 1.1220s. Total for position: 814.60s
[Rank 028] Evaluating position 268 ...
[Rank 028] Position 268 finished. Avg time per xtal iter: 1.1087s. Total for position: 804.98s
[Rank 028] Evaluating position 298 ...
[Rank 028] Position 298 finished. Avg time per xtal iter: 1.1263s. Total for position: 817.74s
[Rank 028] Evaluating position 328 ...
[Rank 028] Position 328 finished. Avg time per xtal iter: 1.1073s. Total for position: 803.97s
[Rank 028] Evaluating position 358 ...
[Rank 028] Position 358 finished. Avg time per xtal iter: 1.1152s. Total for position: 809.72s
[Rank 028] Evaluating position 388 ...
[Rank 028] Position 388 finished. Avg time per xtal iter: 1.1005s. Total for position: 799.05s
[Rank 028] Evaluating position 418 ...
[Rank 028] Position 418 finished. Avg time per xtal iter: 1.1251s. Total for position: 816.84s
[Rank 028] Evaluating position 448 ...
[Rank 028] Position 448 finished. Avg time per xtal iter: 1.1109s. Total for position: 806.53s
[Rank 028] Evaluating position 478 ...
[Rank 028] Position 478 finished. Avg time per xtal iter: 1.1193s. Total for position: 812.67s
[Rank 028] Evaluating position 508 ...
[Rank 028] Position 508 finished. Avg time per xtal iter: 1.1195s. Total for position: 812.83s
[Rank 028] Evaluating position 538 ...
[Rank 028] Position 538 finished. Avg time per xtal iter: 1.1482s. Total for position: 833.67s
[Rank 028] Evaluating position 568 ...
[Rank 028] Position 568 finished. Avg time per xtal iter: 1.1551s. Total for position: 838.63s
[Rank 028] Evaluating position 598 ...
[Rank 028] Position 598 finished. Avg time per xtal iter: 1.1595s. Total for position: 841.87s
Rank 29 processing positions: [29, 59, 89]... (total 20)
[Rank 029] Evaluating position 029 ...
[Rank 029] Position 029 finished. Avg time per xtal iter: 0.8500s. Total for position: 617.18s
[Rank 029] Evaluating position 059 ...
[Rank 029] Position 059 finished. Avg time per xtal iter: 0.8208s. Total for position: 595.92s
[Rank 029] Evaluating position 089 ...
[Rank 029] Position 089 finished. Avg time per xtal iter: 0.8112s. Total for position: 588.97s
[Rank 029] Evaluating position 119 ...
[Rank 029] Position 119 finished. Avg time per xtal iter: 0.9455s. Total for position: 686.49s
[Rank 029] Evaluating position 149 ...
[Rank 029] Position 149 finished. Avg time per xtal iter: 1.1134s. Total for position: 808.42s
[Rank 029] Evaluating position 179 ...
[Rank 029] Position 179 finished. Avg time per xtal iter: 1.1242s. Total for position: 816.20s
[Rank 029] Evaluating position 209 ...
[Rank 029] Position 209 finished. Avg time per xtal iter: 1.1277s. Total for position: 818.77s
[Rank 029] Evaluating position 239 ...
[Rank 029] Position 239 finished. Avg time per xtal iter: 1.1243s. Total for position: 816.31s
[Rank 029] Evaluating position 269 ...
[Rank 029] Position 269 finished. Avg time per xtal iter: 1.1226s. Total for position: 815.04s
[Rank 029] Evaluating position 299 ...
[Rank 029] Position 299 finished. Avg time per xtal iter: 1.1212s. Total for position: 814.05s
[Rank 029] Evaluating position 329 ...
[Rank 029] Position 329 finished. Avg time per xtal iter: 1.1155s. Total for position: 809.91s
[Rank 029] Evaluating position 359 ...
[Rank 029] Position 359 finished. Avg time per xtal iter: 1.1188s. Total for position: 812.32s
[Rank 029] Evaluating position 389 ...
[Rank 029] Position 389 finished. Avg time per xtal iter: 1.1151s. Total for position: 809.63s
[Rank 029] Evaluating position 419 ...
[Rank 029] Position 419 finished. Avg time per xtal iter: 1.1171s. Total for position: 811.03s
[Rank 029] Evaluating position 449 ...
[Rank 029] Position 449 finished. Avg time per xtal iter: 1.1268s. Total for position: 818.15s
[Rank 029] Evaluating position 479 ...
[Rank 029] Position 479 finished. Avg time per xtal iter: 1.1264s. Total for position: 817.80s
[Rank 029] Evaluating position 509 ...
[Rank 029] Position 509 finished. Avg time per xtal iter: 1.1351s. Total for position: 824.14s
[Rank 029] Evaluating position 539 ...
[Rank 029] Position 539 finished. Avg time per xtal iter: 1.1429s. Total for position: 829.79s
[Rank 029] Evaluating position 569 ...
[Rank 029] Position 569 finished. Avg time per xtal iter: 1.1730s. Total for position: 851.63s
[Rank 029] Evaluating position 599 ...
[Rank 029] Position 599 finished. Avg time per xtal iter: 1.1695s. Total for position: 849.07s
Rank 3 processing positions: [3, 33, 63]... (total 20)
[Rank 003] Evaluating position 003 ...
[Rank 003] Position 003 finished. Avg time per xtal iter: 0.8648s. Total for position: 628.00s
[Rank 003] Evaluating position 033 ...
[Rank 003] Position 033 finished. Avg time per xtal iter: 0.9869s. Total for position: 716.64s
[Rank 003] Evaluating position 063 ...
[Rank 003] Position 063 finished. Avg time per xtal iter: 1.0164s. Total for position: 738.01s
[Rank 003] Evaluating position 093 ...
[Rank 003] Position 093 finished. Avg time per xtal iter: 1.0842s. Total for position: 787.23s
[Rank 003] Evaluating position 123 ...
[Rank 003] Position 123 finished. Avg time per xtal iter: 1.2367s. Total for position: 897.95s
[Rank 003] Evaluating position 153 ...
[Rank 003] Position 153 finished. Avg time per xtal iter: 1.2866s. Total for position: 934.23s
[Rank 003] Evaluating position 183 ...
[Rank 003] Position 183 finished. Avg time per xtal iter: 1.2836s. Total for position: 932.02s
[Rank 003] Evaluating position 213 ...
[Rank 003] Position 213 finished. Avg time per xtal iter: 1.2488s. Total for position: 906.79s
[Rank 003] Evaluating position 243 ...
[Rank 003] Position 243 finished. Avg time per xtal iter: 1.1725s. Total for position: 851.36s
[Rank 003] Evaluating position 273 ...
[Rank 003] Position 273 finished. Avg time per xtal iter: 1.1596s. Total for position: 841.98s
[Rank 003] Evaluating position 303 ...
[Rank 003] Position 303 finished. Avg time per xtal iter: 1.2512s. Total for position: 908.52s
[Rank 003] Evaluating position 333 ...
[Rank 003] Position 333 finished. Avg time per xtal iter: 1.2296s. Total for position: 892.79s
[Rank 003] Evaluating position 363 ...
[Rank 003] Position 363 finished. Avg time per xtal iter: 1.2053s. Total for position: 875.17s
[Rank 003] Evaluating position 393 ...
[Rank 003] Position 393 finished. Avg time per xtal iter: 1.2219s. Total for position: 887.19s
[Rank 003] Evaluating position 423 ...
[Rank 003] Position 423 finished. Avg time per xtal iter: 1.2161s. Total for position: 883.00s
[Rank 003] Evaluating position 453 ...
[Rank 003] Position 453 finished. Avg time per xtal iter: 1.2222s. Total for position: 887.46s
[Rank 003] Evaluating position 483 ...
[Rank 003] Position 483 finished. Avg time per xtal iter: 1.1717s. Total for position: 850.81s
[Rank 003] Evaluating position 513 ...
[Rank 003] Position 513 finished. Avg time per xtal iter: 1.2032s. Total for position: 873.63s
[Rank 003] Evaluating position 543 ...
[Rank 003] Position 543 finished. Avg time per xtal iter: 1.1632s. Total for position: 844.65s
[Rank 003] Evaluating position 573 ...
[Rank 003] Position 573 finished. Avg time per xtal iter: 1.1912s. Total for position: 864.97s
Rank 10 processing positions: [10, 40, 70]... (total 20)
[Rank 010] Evaluating position 010 ...
[Rank 010] Position 010 finished. Avg time per xtal iter: 1.8046s. Total for position: 1310.15s
[Rank 010] Evaluating position 040 ...
[Rank 010] Position 040 finished. Avg time per xtal iter: 1.7886s. Total for position: 1298.57s
[Rank 010] Evaluating position 070 ...
[Rank 010] Position 070 finished. Avg time per xtal iter: 1.7994s. Total for position: 1306.42s
[Rank 010] Evaluating position 100 ...
[Rank 010] Position 100 finished. Avg time per xtal iter: 1.7840s. Total for position: 1295.21s
[Rank 010] Evaluating position 130 ...
[Rank 010] Position 130 finished. Avg time per xtal iter: 1.8071s. Total for position: 1311.96s
[Rank 010] Evaluating position 160 ...
[Rank 010] Position 160 finished. Avg time per xtal iter: 1.7940s. Total for position: 1302.52s
[Rank 010] Evaluating position 190 ...
[Rank 010] Position 190 finished. Avg time per xtal iter: 1.8041s. Total for position: 1309.83s
[Rank 010] Evaluating position 220 ...
[Rank 010] Position 220 finished. Avg time per xtal iter: 1.7946s. Total for position: 1302.94s
[Rank 010] Evaluating position 250 ...
[Rank 010] Position 250 finished. Avg time per xtal iter: 1.8027s. Total for position: 1308.81s
[Rank 010] Evaluating position 280 ...
[Rank 010] Position 280 finished. Avg time per xtal iter: 1.8014s. Total for position: 1307.82s
[Rank 010] Evaluating position 310 ...
[Rank 010] Position 310 finished. Avg time per xtal iter: 1.8385s. Total for position: 1334.78s
[Rank 010] Evaluating position 340 ...
[Rank 010] Position 340 finished. Avg time per xtal iter: 1.9000s. Total for position: 1379.42s
[Rank 010] Evaluating position 370 ...
[Rank 010] Position 370 finished. Avg time per xtal iter: 1.9755s. Total for position: 1434.26s
[Rank 010] Evaluating position 400 ...
[Rank 010] Position 400 finished. Avg time per xtal iter: 1.9780s. Total for position: 1436.11s
[Rank 010] Evaluating position 430 ...
[Rank 010] Position 430 finished. Avg time per xtal iter: 1.9228s. Total for position: 1396.02s
[Rank 010] Evaluating position 460 ...
[Rank 010] Position 460 finished. Avg time per xtal iter: 1.8637s. Total for position: 1353.11s
[Rank 010] Evaluating position 490 ...
[Rank 010] Position 490 finished. Avg time per xtal iter: 1.8811s. Total for position: 1365.78s
[Rank 010] Evaluating position 520 ...
[Rank 010] Position 520 finished. Avg time per xtal iter: 1.8528s. Total for position: 1345.21s
[Rank 010] Evaluating position 550 ...
[Rank 010] Position 550 finished. Avg time per xtal iter: 1.8703s. Total for position: 1357.93s
[Rank 010] Evaluating position 580 ...
[Rank 010] Position 580 finished. Avg time per xtal iter: 1.8530s. Total for position: 1345.36s
Rank 14 processing positions: [14, 44, 74]... (total 20)
[Rank 014] Evaluating position 014 ...
[Rank 014] Position 014 finished. Avg time per xtal iter: 2.2239s. Total for position: 1614.59s
[Rank 014] Evaluating position 044 ...
[Rank 014] Position 044 finished. Avg time per xtal iter: 2.2571s. Total for position: 1638.71s
[Rank 014] Evaluating position 074 ...
[Rank 014] Position 074 finished. Avg time per xtal iter: 2.1835s. Total for position: 1585.29s
[Rank 014] Evaluating position 104 ...
[Rank 014] Position 104 finished. Avg time per xtal iter: 2.1139s. Total for position: 1534.79s
[Rank 014] Evaluating position 134 ...
[Rank 014] Position 134 finished. Avg time per xtal iter: 2.1327s. Total for position: 1548.41s
[Rank 014] Evaluating position 164 ...
[Rank 014] Position 164 finished. Avg time per xtal iter: 2.0693s. Total for position: 1502.38s
[Rank 014] Evaluating position 194 ...
[Rank 014] Position 194 finished. Avg time per xtal iter: 2.0834s. Total for position: 1512.61s
[Rank 014] Evaluating position 224 ...
[Rank 014] Position 224 finished. Avg time per xtal iter: 2.0393s. Total for position: 1480.55s
[Rank 014] Evaluating position 254 ...
[Rank 014] Position 254 finished. Avg time per xtal iter: 1.8042s. Total for position: 1309.86s
[Rank 014] Evaluating position 284 ...
[Rank 014] Position 284 finished. Avg time per xtal iter: 1.7645s. Total for position: 1281.08s
[Rank 014] Evaluating position 314 ...
[Rank 014] Position 314 finished. Avg time per xtal iter: 1.7568s. Total for position: 1275.44s
[Rank 014] Evaluating position 344 ...
[Rank 014] Position 344 finished. Avg time per xtal iter: 1.7378s. Total for position: 1261.66s
[Rank 014] Evaluating position 374 ...
[Rank 014] Position 374 finished. Avg time per xtal iter: 1.7481s. Total for position: 1269.17s
[Rank 014] Evaluating position 404 ...
[Rank 014] Position 404 finished. Avg time per xtal iter: 1.7254s. Total for position: 1252.67s
[Rank 014] Evaluating position 434 ...
[Rank 014] Position 434 finished. Avg time per xtal iter: 1.7502s. Total for position: 1270.65s
[Rank 014] Evaluating position 464 ...
[Rank 014] Position 464 finished. Avg time per xtal iter: 1.7541s. Total for position: 1273.48s
[Rank 014] Evaluating position 494 ...
[Rank 014] Position 494 finished. Avg time per xtal iter: 1.7612s. Total for position: 1278.67s
[Rank 014] Evaluating position 524 ...
[Rank 014] Position 524 finished. Avg time per xtal iter: 1.7425s. Total for position: 1265.12s
[Rank 014] Evaluating position 554 ...
[Rank 014] Position 554 finished. Avg time per xtal iter: 1.7612s. Total for position: 1278.64s
[Rank 014] Evaluating position 584 ...
[Rank 014] Position 584 finished. Avg time per xtal iter: 1.7515s. Total for position: 1271.58s
Rank 25 processing positions: [25, 55, 85]... (total 20)
[Rank 025] Evaluating position 025 ...
[Rank 025] Position 025 finished. Avg time per xtal iter: 2.0520s. Total for position: 1489.81s
[Rank 025] Evaluating position 055 ...
[Rank 025] Position 055 finished. Avg time per xtal iter: 2.0491s. Total for position: 1487.65s
[Rank 025] Evaluating position 085 ...
[Rank 025] Position 085 finished. Avg time per xtal iter: 2.0629s. Total for position: 1497.73s
[Rank 025] Evaluating position 115 ...
[Rank 025] Position 115 finished. Avg time per xtal iter: 2.0538s. Total for position: 1491.09s
[Rank 025] Evaluating position 145 ...
[Rank 025] Position 145 finished. Avg time per xtal iter: 2.0540s. Total for position: 1491.23s
[Rank 025] Evaluating position 175 ...
[Rank 025] Position 175 finished. Avg time per xtal iter: 2.0446s. Total for position: 1484.43s
[Rank 025] Evaluating position 205 ...
[Rank 025] Position 205 finished. Avg time per xtal iter: 2.0452s. Total for position: 1484.84s
[Rank 025] Evaluating position 235 ...
[Rank 025] Position 235 finished. Avg time per xtal iter: 2.0593s. Total for position: 1495.08s
[Rank 025] Evaluating position 265 ...
[Rank 025] Position 265 finished. Avg time per xtal iter: 2.0085s. Total for position: 1458.24s
[Rank 025] Evaluating position 295 ...
[Rank 025] Position 295 finished. Avg time per xtal iter: 1.9774s. Total for position: 1435.65s
[Rank 025] Evaluating position 325 ...
[Rank 025] Position 325 finished. Avg time per xtal iter: 1.9772s. Total for position: 1435.50s
[Rank 025] Evaluating position 355 ...
[Rank 025] Position 355 finished. Avg time per xtal iter: 1.9720s. Total for position: 1431.75s
[Rank 025] Evaluating position 385 ...
[Rank 025] Position 385 finished. Avg time per xtal iter: 1.9712s. Total for position: 1431.15s
[Rank 025] Evaluating position 415 ...
[Rank 025] Position 415 finished. Avg time per xtal iter: 1.9759s. Total for position: 1434.54s
[Rank 025] Evaluating position 445 ...
[Rank 025] Position 445 finished. Avg time per xtal iter: 1.9777s. Total for position: 1435.88s
[Rank 025] Evaluating position 475 ...
[Rank 025] Position 475 finished. Avg time per xtal iter: 1.9748s. Total for position: 1433.77s
[Rank 025] Evaluating position 505 ...
[Rank 025] Position 505 finished. Avg time per xtal iter: 1.9811s. Total for position: 1438.30s
[Rank 025] Evaluating position 535 ...
[Rank 025] Position 535 finished. Avg time per xtal iter: 1.9814s. Total for position: 1438.54s
[Rank 025] Evaluating position 565 ...
[Rank 025] Position 565 finished. Avg time per xtal iter: 1.9718s. Total for position: 1431.54s
[Rank 025] Evaluating position 595 ...
[Rank 025] Position 595 finished. Avg time per xtal iter: 1.9867s. Total for position: 1442.36s
Rank 19 processing positions: [19, 49, 79]... (total 20)
[Rank 019] Evaluating position 019 ...
[Rank 019] Position 019 finished. Avg time per xtal iter: 2.1160s. Total for position: 1536.26s
[Rank 019] Evaluating position 049 ...
[Rank 019] Position 049 finished. Avg time per xtal iter: 2.0585s. Total for position: 1494.52s
[Rank 019] Evaluating position 079 ...
[Rank 019] Position 079 finished. Avg time per xtal iter: 2.0390s. Total for position: 1480.39s
[Rank 019] Evaluating position 109 ...
[Rank 019] Position 109 finished. Avg time per xtal iter: 2.1358s. Total for position: 1550.64s
[Rank 019] Evaluating position 139 ...
[Rank 019] Position 139 finished. Avg time per xtal iter: 2.0554s. Total for position: 1492.31s
[Rank 019] Evaluating position 169 ...
[Rank 019] Position 169 finished. Avg time per xtal iter: 2.0349s. Total for position: 1477.43s
[Rank 019] Evaluating position 199 ...
[Rank 019] Position 199 finished. Avg time per xtal iter: 2.0028s. Total for position: 1454.07s
[Rank 019] Evaluating position 229 ...
[Rank 019] Position 229 finished. Avg time per xtal iter: 1.9954s. Total for position: 1448.67s
[Rank 019] Evaluating position 259 ...
[Rank 019] Position 259 finished. Avg time per xtal iter: 1.9874s. Total for position: 1442.85s
[Rank 019] Evaluating position 289 ...
[Rank 019] Position 289 finished. Avg time per xtal iter: 2.0726s. Total for position: 1504.73s
[Rank 019] Evaluating position 319 ...
[Rank 019] Position 319 finished. Avg time per xtal iter: 2.0929s. Total for position: 1519.48s
[Rank 019] Evaluating position 349 ...
[Rank 019] Position 349 finished. Avg time per xtal iter: 2.1094s. Total for position: 1531.48s
[Rank 019] Evaluating position 379 ...
[Rank 019] Position 379 finished. Avg time per xtal iter: 2.0926s. Total for position: 1519.28s
[Rank 019] Evaluating position 409 ...
[Rank 019] Position 409 finished. Avg time per xtal iter: 2.0992s. Total for position: 1524.14s
[Rank 019] Evaluating position 439 ...
[Rank 019] Position 439 finished. Avg time per xtal iter: 2.0918s. Total for position: 1518.76s
[Rank 019] Evaluating position 469 ...
[Rank 019] Position 469 finished. Avg time per xtal iter: 2.0945s. Total for position: 1520.70s
[Rank 019] Evaluating position 499 ...
[Rank 019] Position 499 finished. Avg time per xtal iter: 2.0893s. Total for position: 1516.93s
[Rank 019] Evaluating position 529 ...
[Rank 019] Position 529 finished. Avg time per xtal iter: 2.1016s. Total for position: 1525.87s
[Rank 019] Evaluating position 559 ...
[Rank 019] Position 559 finished. Avg time per xtal iter: 2.1013s. Total for position: 1525.60s
[Rank 019] Evaluating position 589 ...
[Rank 019] Position 589 finished. Avg time per xtal iter: 2.0951s. Total for position: 1521.14s
Rank 27 processing positions: [27, 57, 87]... (total 20)
[Rank 027] Evaluating position 027 ...
[Rank 027] Position 027 finished. Avg time per xtal iter: 2.2150s. Total for position: 1608.15s
[Rank 027] Evaluating position 057 ...
[Rank 027] Position 057 finished. Avg time per xtal iter: 2.3121s. Total for position: 1678.65s
[Rank 027] Evaluating position 087 ...
[Rank 027] Position 087 finished. Avg time per xtal iter: 2.3456s. Total for position: 1702.95s
[Rank 027] Evaluating position 117 ...
[Rank 027] Position 117 finished. Avg time per xtal iter: 2.3413s. Total for position: 1699.86s
[Rank 027] Evaluating position 147 ...
[Rank 027] Position 147 finished. Avg time per xtal iter: 2.3254s. Total for position: 1688.27s
[Rank 027] Evaluating position 177 ...
[Rank 027] Position 177 finished. Avg time per xtal iter: 2.3410s. Total for position: 1699.60s
[Rank 027] Evaluating position 207 ...
[Rank 027] Position 207 finished. Avg time per xtal iter: 2.3508s. Total for position: 1706.71s
[Rank 027] Evaluating position 237 ...
[Rank 027] Position 237 finished. Avg time per xtal iter: 2.3424s. Total for position: 1700.61s
[Rank 027] Evaluating position 267 ...
[Rank 027] Position 267 finished. Avg time per xtal iter: 2.3611s. Total for position: 1714.23s
[Rank 027] Evaluating position 297 ...
[Rank 027] Position 297 finished. Avg time per xtal iter: 2.2377s. Total for position: 1624.63s
[Rank 027] Evaluating position 327 ...
[Rank 027] Position 327 finished. Avg time per xtal iter: 2.2025s. Total for position: 1599.05s
[Rank 027] Evaluating position 357 ...
[Rank 027] Position 357 finished. Avg time per xtal iter: 2.2540s. Total for position: 1636.46s
[Rank 027] Evaluating position 387 ...
[Rank 027] Position 387 finished. Avg time per xtal iter: 2.2446s. Total for position: 1629.65s
[Rank 027] Evaluating position 417 ...
[Rank 027] Position 417 finished. Avg time per xtal iter: 2.2238s. Total for position: 1614.52s
[Rank 027] Evaluating position 447 ...
[Rank 027] Position 447 finished. Avg time per xtal iter: 2.2333s. Total for position: 1621.43s
[Rank 027] Evaluating position 477 ...
[Rank 027] Position 477 finished. Avg time per xtal iter: 2.2317s. Total for position: 1620.32s
[Rank 027] Evaluating position 507 ...
[Rank 027] Position 507 finished. Avg time per xtal iter: 2.2282s. Total for position: 1617.72s
[Rank 027] Evaluating position 537 ...
[Rank 027] Position 537 finished. Avg time per xtal iter: 2.2345s. Total for position: 1622.31s
[Rank 027] Evaluating position 567 ...
[Rank 027] Position 567 finished. Avg time per xtal iter: 2.2356s. Total for position: 1623.15s
[Rank 027] Evaluating position 597 ...
[Rank 027] Position 597 finished. Avg time per xtal iter: 2.1975s. Total for position: 1595.41s
--- Job Finished ---
